Archive member included to satisfy reference by file (symbol)

/opt/gcc-arm-none-eabi-7-2017-q4-major/bin/../lib/gcc/arm-none-eabi/7.2.1/../../../../arm-none-eabi/lib/thumb/v7e-m/fpv4-sp/hard/libc.a(lib_a-atoi.o)
                              build/kernel/components/drivers/misc/pin.o (atoi)
/opt/gcc-arm-none-eabi-7-2017-q4-major/bin/../lib/gcc/arm-none-eabi/7.2.1/../../../../arm-none-eabi/lib/thumb/v7e-m/fpv4-sp/hard/libc.a(lib_a-exit.o)
                              /opt/gcc-arm-none-eabi-7-2017-q4-major/bin/../lib/gcc/arm-none-eabi/7.2.1/../../../../arm-none-eabi/lib/thumb/v7e-m/fpv4-sp/hard/crt0.o (exit)
/opt/gcc-arm-none-eabi-7-2017-q4-major/bin/../lib/gcc/arm-none-eabi/7.2.1/../../../../arm-none-eabi/lib/thumb/v7e-m/fpv4-sp/hard/libc.a(lib_a-impure.o)
                              /opt/gcc-arm-none-eabi-7-2017-q4-major/bin/../lib/gcc/arm-none-eabi/7.2.1/../../../../arm-none-eabi/lib/thumb/v7e-m/fpv4-sp/hard/libc.a(lib_a-exit.o) (_global_impure_ptr)
/opt/gcc-arm-none-eabi-7-2017-q4-major/bin/../lib/gcc/arm-none-eabi/7.2.1/../../../../arm-none-eabi/lib/thumb/v7e-m/fpv4-sp/hard/libc.a(lib_a-locale.o)
                              build/kernel/components/drivers/misc/pin.o (__locale_ctype_ptr)
/opt/gcc-arm-none-eabi-7-2017-q4-major/bin/../lib/gcc/arm-none-eabi/7.2.1/../../../../arm-none-eabi/lib/thumb/v7e-m/fpv4-sp/hard/libc.a(lib_a-malloc.o)
                              build/kernel/components/libc/compilers/common/cstring.o (malloc)
/opt/gcc-arm-none-eabi-7-2017-q4-major/bin/../lib/gcc/arm-none-eabi/7.2.1/../../../../arm-none-eabi/lib/thumb/v7e-m/fpv4-sp/hard/libc.a(lib_a-mbtowc_r.o)
                              /opt/gcc-arm-none-eabi-7-2017-q4-major/bin/../lib/gcc/arm-none-eabi/7.2.1/../../../../arm-none-eabi/lib/thumb/v7e-m/fpv4-sp/hard/libc.a(lib_a-locale.o) (__ascii_mbtowc)
/opt/gcc-arm-none-eabi-7-2017-q4-major/bin/../lib/gcc/arm-none-eabi/7.2.1/../../../../arm-none-eabi/lib/thumb/v7e-m/fpv4-sp/hard/libc.a(lib_a-memcmp.o)
                              build/kernel/components/finsh/shell.o (memcmp)
/opt/gcc-arm-none-eabi-7-2017-q4-major/bin/../lib/gcc/arm-none-eabi/7.2.1/../../../../arm-none-eabi/lib/thumb/v7e-m/fpv4-sp/hard/libc.a(lib_a-memset.o)
                              /opt/gcc-arm-none-eabi-7-2017-q4-major/bin/../lib/gcc/arm-none-eabi/7.2.1/../../../../arm-none-eabi/lib/thumb/v7e-m/fpv4-sp/hard/crt0.o (memset)
/opt/gcc-arm-none-eabi-7-2017-q4-major/bin/../lib/gcc/arm-none-eabi/7.2.1/../../../../arm-none-eabi/lib/thumb/v7e-m/fpv4-sp/hard/libc.a(lib_a-strchr.o)
                              build/kernel/components/libc/compilers/common/cstring.o (strchr)
/opt/gcc-arm-none-eabi-7-2017-q4-major/bin/../lib/gcc/arm-none-eabi/7.2.1/../../../../arm-none-eabi/lib/thumb/v7e-m/fpv4-sp/hard/libc.a(lib_a-strcmp.o)
                              build/kernel/components/finsh/cmd.o (strcmp)
/opt/gcc-arm-none-eabi-7-2017-q4-major/bin/../lib/gcc/arm-none-eabi/7.2.1/../../../../arm-none-eabi/lib/thumb/v7e-m/fpv4-sp/hard/libc.a(lib_a-strcpy.o)
                              build/kernel/components/finsh/shell.o (strcpy)
/opt/gcc-arm-none-eabi-7-2017-q4-major/bin/../lib/gcc/arm-none-eabi/7.2.1/../../../../arm-none-eabi/lib/thumb/v7e-m/fpv4-sp/hard/libc.a(lib_a-strlen.o)
                              build/kernel/components/finsh/msh.o (strlen)
/opt/gcc-arm-none-eabi-7-2017-q4-major/bin/../lib/gcc/arm-none-eabi/7.2.1/../../../../arm-none-eabi/lib/thumb/v7e-m/fpv4-sp/hard/libc.a(lib_a-strncat.o)
                              build/kernel/components/drivers/misc/pin.o (strncat)
/opt/gcc-arm-none-eabi-7-2017-q4-major/bin/../lib/gcc/arm-none-eabi/7.2.1/../../../../arm-none-eabi/lib/thumb/v7e-m/fpv4-sp/hard/libc.a(lib_a-strncmp.o)
                              build/kernel/components/finsh/msh.o (strncmp)
/opt/gcc-arm-none-eabi-7-2017-q4-major/bin/../lib/gcc/arm-none-eabi/7.2.1/../../../../arm-none-eabi/lib/thumb/v7e-m/fpv4-sp/hard/libc.a(lib_a-strncpy.o)
                              build/kernel/components/finsh/shell.o (strncpy)
/opt/gcc-arm-none-eabi-7-2017-q4-major/bin/../lib/gcc/arm-none-eabi/7.2.1/../../../../arm-none-eabi/lib/thumb/v7e-m/fpv4-sp/hard/libc.a(lib_a-strrchr.o)
                              build/kernel/components/libc/compilers/common/cstring.o (strrchr)
/opt/gcc-arm-none-eabi-7-2017-q4-major/bin/../lib/gcc/arm-none-eabi/7.2.1/../../../../arm-none-eabi/lib/thumb/v7e-m/fpv4-sp/hard/libc.a(lib_a-strtol.o)
                              /opt/gcc-arm-none-eabi-7-2017-q4-major/bin/../lib/gcc/arm-none-eabi/7.2.1/../../../../arm-none-eabi/lib/thumb/v7e-m/fpv4-sp/hard/libc.a(lib_a-atoi.o) (_strtol_r)
/opt/gcc-arm-none-eabi-7-2017-q4-major/bin/../lib/gcc/arm-none-eabi/7.2.1/../../../../arm-none-eabi/lib/thumb/v7e-m/fpv4-sp/hard/libc.a(lib_a-wctomb_r.o)
                              /opt/gcc-arm-none-eabi-7-2017-q4-major/bin/../lib/gcc/arm-none-eabi/7.2.1/../../../../arm-none-eabi/lib/thumb/v7e-m/fpv4-sp/hard/libc.a(lib_a-locale.o) (__ascii_wctomb)
[...]
Memory Configuration

Name             Origin             Length             Attributes
ROM              0x0000000008000000 0x00000000003f0000 xr
RAM              0x0000000020000000 0x0000000000060000 rw
*default*        0x0000000000000000 0xffffffffffffffff

Linker script and memory map

LOAD /opt/gcc-arm-none-eabi-7-2017-q4-major/bin/../lib/gcc/arm-none-eabi/7.2.1/thumb/v7e-m/fpv4-sp/hard/crti.o
LOAD /opt/gcc-arm-none-eabi-7-2017-q4-major/bin/../lib/gcc/arm-none-eabi/7.2.1/thumb/v7e-m/fpv4-sp/hard/crtbegin.o
LOAD /opt/gcc-arm-none-eabi-7-2017-q4-major/bin/../lib/gcc/arm-none-eabi/7.2.1/../../../../arm-none-eabi/lib/thumb/v7e-m/fpv4-sp/hard/crt0.o
LOAD /home/mx3g/Desktop/rt-thread/bsp/at32/libraries/AT32F435_437_Firmware_Library/cmsis/cm4/device_support/startup/gcc/startup_at32f435_437.o
LOAD /home/mx3g/Desktop/rt-thread/bsp/at32/libraries/AT32F435_437_Firmware_Library/cmsis/cm4/device_support/system_at32f435_437.o
LOAD /home/mx3g/Desktop/rt-thread/bsp/at32/libraries/AT32F435_437_Firmware_Library/drivers/src/at32f435_437_acc.o
LOAD /home/mx3g/Desktop/rt-thread/bsp/at32/libraries/AT32F435_437_Firmware_Library/drivers/src/at32f435_437_adc.o
LOAD /home/mx3g/Desktop/rt-thread/bsp/at32/libraries/AT32F435_437_Firmware_Library/drivers/src/at32f435_437_can.o
LOAD /home/mx3g/Desktop/rt-thread/bsp/at32/libraries/AT32F435_437_Firmware_Library/drivers/src/at32f435_437_crc.o
LOAD /home/mx3g/Desktop/rt-thread/bsp/at32/libraries/AT32F435_437_Firmware_Library/drivers/src/at32f435_437_crm.o
LOAD /home/mx3g/Desktop/rt-thread/bsp/at32/libraries/AT32F435_437_Firmware_Library/drivers/src/at32f435_437_dac.o
LOAD /home/mx3g/Desktop/rt-thread/bsp/at32/libraries/AT32F435_437_Firmware_Library/drivers/src/at32f435_437_debug.o
LOAD /home/mx3g/Desktop/rt-thread/bsp/at32/libraries/AT32F435_437_Firmware_Library/drivers/src/at32f435_437_dma.o
LOAD /home/mx3g/Desktop/rt-thread/bsp/at32/libraries/AT32F435_437_Firmware_Library/drivers/src/at32f435_437_dvp.o
LOAD /home/mx3g/Desktop/rt-thread/bsp/at32/libraries/AT32F435_437_Firmware_Library/drivers/src/at32f435_437_edma.o
LOAD /home/mx3g/Desktop/rt-thread/bsp/at32/libraries/AT32F435_437_Firmware_Library/drivers/src/at32f435_437_emac.o
LOAD /home/mx3g/Desktop/rt-thread/bsp/at32/libraries/AT32F435_437_Firmware_Library/drivers/src/at32f435_437_ertc.o
LOAD /home/mx3g/Desktop/rt-thread/bsp/at32/libraries/AT32F435_437_Firmware_Library/drivers/src/at32f435_437_exint.o
LOAD /home/mx3g/Desktop/rt-thread/bsp/at32/libraries/AT32F435_437_Firmware_Library/drivers/src/at32f435_437_flash.o
LOAD /home/mx3g/Desktop/rt-thread/bsp/at32/libraries/AT32F435_437_Firmware_Library/drivers/src/at32f435_437_gpio.o
LOAD /home/mx3g/Desktop/rt-thread/bsp/at32/libraries/AT32F435_437_Firmware_Library/drivers/src/at32f435_437_i2c.o
LOAD /home/mx3g/Desktop/rt-thread/bsp/at32/libraries/AT32F435_437_Firmware_Library/drivers/src/at32f435_437_misc.o
LOAD /home/mx3g/Desktop/rt-thread/bsp/at32/libraries/AT32F435_437_Firmware_Library/drivers/src/at32f435_437_pwc.o
LOAD /home/mx3g/Desktop/rt-thread/bsp/at32/libraries/AT32F435_437_Firmware_Library/drivers/src/at32f435_437_qspi.o
LOAD /home/mx3g/Desktop/rt-thread/bsp/at32/libraries/AT32F435_437_Firmware_Library/drivers/src/at32f435_437_scfg.o
LOAD /home/mx3g/Desktop/rt-thread/bsp/at32/libraries/AT32F435_437_Firmware_Library/drivers/src/at32f435_437_sdio.o
LOAD /home/mx3g/Desktop/rt-thread/bsp/at32/libraries/AT32F435_437_Firmware_Library/drivers/src/at32f435_437_spi.o
LOAD /home/mx3g/Desktop/rt-thread/bsp/at32/libraries/AT32F435_437_Firmware_Library/drivers/src/at32f435_437_tmr.o
LOAD /home/mx3g/Desktop/rt-thread/bsp/at32/libraries/AT32F435_437_Firmware_Library/drivers/src/at32f435_437_usart.o
LOAD /home/mx3g/Desktop/rt-thread/bsp/at32/libraries/AT32F435_437_Firmware_Library/drivers/src/at32f435_437_usb.o
LOAD /home/mx3g/Desktop/rt-thread/bsp/at32/libraries/AT32F435_437_Firmware_Library/drivers/src/at32f435_437_wdt.o
LOAD /home/mx3g/Desktop/rt-thread/bsp/at32/libraries/AT32F435_437_Firmware_Library/drivers/src/at32f435_437_wwdt.o
LOAD /home/mx3g/Desktop/rt-thread/bsp/at32/libraries/AT32F435_437_Firmware_Library/drivers/src/at32f435_437_xmc.o
LOAD /home/mx3g/Desktop/rt-thread/bsp/at32/libraries/rt_drivers/drv_common.o
LOAD /home/mx3g/Desktop/rt-thread/bsp/at32/libraries/rt_drivers/drv_gpio.o
LOAD /home/mx3g/Desktop/rt-thread/bsp/at32/libraries/rt_drivers/drv_usart.o
LOAD build/kernel/components/drivers/ipc/completion.o
LOAD build/kernel/components/drivers/ipc/dataqueue.o
LOAD build/kernel/components/drivers/ipc/pipe.o
LOAD build/kernel/components/drivers/ipc/ringblk_buf.o
LOAD build/kernel/components/drivers/ipc/ringbuffer.o
LOAD build/kernel/components/drivers/ipc/waitqueue.o
LOAD build/kernel/components/drivers/ipc/workqueue.o
LOAD build/kernel/components/drivers/misc/pin.o
LOAD build/kernel/components/drivers/serial/serial.o
LOAD build/kernel/components/finsh/cmd.o
LOAD build/kernel/components/finsh/msh.o
LOAD build/kernel/components/finsh/msh_parse.o
LOAD build/kernel/components/finsh/shell.o
LOAD build/kernel/components/libc/compilers/common/cctype.o
LOAD build/kernel/components/libc/compilers/common/cstdio.o
LOAD build/kernel/components/libc/compilers/common/cstdlib.o
LOAD build/kernel/components/libc/compilers/common/cstring.o
LOAD build/kernel/components/libc/compilers/common/ctime.o
LOAD build/kernel/components/libc/compilers/common/cwchar.o
LOAD build/kernel/components/libc/compilers/newlib/syscalls.o
LOAD build/kernel/libcpu/arm/common/atomic_arm.o
LOAD build/kernel/libcpu/arm/common/div0.o
LOAD build/kernel/libcpu/arm/common/showmem.o
LOAD build/kernel/libcpu/arm/cortex-m4/context_gcc.o
LOAD build/kernel/libcpu/arm/cortex-m4/cpuport.o
LOAD build/kernel/src/clock.o
LOAD build/kernel/src/components.o
LOAD build/kernel/src/device.o
LOAD build/kernel/src/idle.o
LOAD build/kernel/src/ipc.o
LOAD build/kernel/src/irq.o
LOAD build/kernel/src/kservice.o
LOAD build/kernel/src/mem.o
LOAD build/kernel/src/memheap.o
LOAD build/kernel/src/mempool.o
LOAD build/kernel/src/object.o
LOAD build/kernel/src/scheduler_up.o
LOAD build/kernel/src/thread.o
LOAD build/kernel/src/timer.o
LOAD build/applications/main.o
LOAD build/board/src/at32_msp.o
LOAD build/board/src/board.o
LOAD /opt/gcc-arm-none-eabi-7-2017-q4-major/bin/../lib/gcc/arm-none-eabi/7.2.1/../../../../arm-none-eabi/lib/thumb/v7e-m/fpv4-sp/hard/libc.a
LOAD /opt/gcc-arm-none-eabi-7-2017-q4-major/bin/../lib/gcc/arm-none-eabi/7.2.1/../../../../arm-none-eabi/lib/thumb/v7e-m/fpv4-sp/hard/libm.a
START GROUP
LOAD /opt/gcc-arm-none-eabi-7-2017-q4-major/bin/../lib/gcc/arm-none-eabi/7.2.1/thumb/v7e-m/fpv4-sp/hard/libgcc.a
LOAD /opt/gcc-arm-none-eabi-7-2017-q4-major/bin/../lib/gcc/arm-none-eabi/7.2.1/../../../../arm-none-eabi/lib/thumb/v7e-m/fpv4-sp/hard/libc.a
END GROUP
LOAD /opt/gcc-arm-none-eabi-7-2017-q4-major/bin/../lib/gcc/arm-none-eabi/7.2.1/thumb/v7e-m/fpv4-sp/hard/crtend.o
LOAD /opt/gcc-arm-none-eabi-7-2017-q4-major/bin/../lib/gcc/arm-none-eabi/7.2.1/thumb/v7e-m/fpv4-sp/hard/crtn.o
                0x0000000000000200                _system_stack_size = 0x200

.text           0x0000000008000000     0xe100
                0x0000000008000000                . = ALIGN (0x4)
                0x0000000008000000                _stext = .
 *(.isr_vector)
 .isr_vector    0x0000000008000000      0x20c /home/mx3g/Desktop/rt-thread/bsp/at32/libraries/AT32F435_437_Firmware_Library/cmsis/cm4/device_support/startup/gcc/startup_at32f435_437.o
                0x0000000008000000                g_pfnVectors
                0x000000000800020c                . = ALIGN (0x4)
 *(.text)
 .text          0x000000000800020c       0x40 /opt/gcc-arm-none-eabi-7-2017-q4-major/bin/../lib/gcc/arm-none-eabi/7.2.1/thumb/v7e-m/fpv4-sp/hard/crtbegin.o
 .text          0x000000000800024c      0x144 build/kernel/libcpu/arm/cortex-m4/context_gcc.o
                0x000000000800024c                rt_hw_interrupt_disable
                0x0000000008000254                rt_hw_interrupt_enable
                0x000000000800025a                rt_hw_context_switch_interrupt
                0x000000000800025a                rt_hw_context_switch
                0x000000000800027a                PendSV_Handler
                0x00000000080002e6                rt_hw_context_switch_to
                0x0000000008000334                rt_hw_interrupt_thread_switch
                0x0000000008000338                HardFault_Handler
 *fill*         0x0000000008000390       0x10 00000000
 .text          0x00000000080003a0      0x2dc /opt/gcc-arm-none-eabi-7-2017-q4-major/bin/../lib/gcc/arm-none-eabi/7.2.1/../../../../arm-none-eabi/lib/thumb/v7e-m/fpv4-sp/hard/libc.a(lib_a-strcmp.o)
                0x00000000080003a8                strcmp
 *fill*         0x000000000800067c        0x4 00000000
 .text          0x0000000008000680       0xdc /opt/gcc-arm-none-eabi-7-2017-q4-major/bin/../lib/gcc/arm-none-eabi/7.2.1/../../../../arm-none-eabi/lib/thumb/v7e-m/fpv4-sp/hard/libc.a(lib_a-strlen.o)
                0x0000000008000680                strlen
 .text          0x000000000800075c       0x30 /opt/gcc-arm-none-eabi-7-2017-q4-major/bin/../lib/gcc/arm-none-eabi/7.2.1/thumb/v7e-m/fpv4-sp/hard/libgcc.a(_aeabi_uldivmod.o)
                0x000000000800075c                __aeabi_uldivmod
 .text          0x000000000800078c      0x2cc /opt/gcc-arm-none-eabi-7-2017-q4-major/bin/../lib/gcc/arm-none-eabi/7.2.1/thumb/v7e-m/fpv4-sp/hard/libgcc.a(_udivmoddi4.o)
                0x000000000800078c                __udivmoddi4
 .text          0x0000000008000a58        0x4 /opt/gcc-arm-none-eabi-7-2017-q4-major/bin/../lib/gcc/arm-none-eabi/7.2.1/thumb/v7e-m/fpv4-sp/hard/libgcc.a(_dvmd_tls.o)
                0x0000000008000a58                __aeabi_ldiv0
                0x0000000008000a58                __aeabi_idiv0
 *(.text.*)
 .text.Reset_Handler
                0x0000000008000a5c       0x48 /home/mx3g/Desktop/rt-thread/bsp/at32/libraries/AT32F435_437_Firmware_Library/cmsis/cm4/device_support/startup/gcc/startup_at32f435_437.o
                0x0000000008000a5c                Reset_Handler
 .text.Default_Handler
                0x0000000008000aa4        0x2 /home/mx3g/Desktop/rt-thread/bsp/at32/libraries/AT32F435_437_Firmware_Library/cmsis/cm4/device_support/startup/gcc/startup_at32f435_437.o
                0x0000000008000aa4                SDIO1_IRQHandler
                0x0000000008000aa4                XMC_IRQHandler
                0x0000000008000aa4                DebugMon_Handler
                0x0000000008000aa4                TMR20_TRG_HALL_IRQHandler
                0x0000000008000aa4                UART8_IRQHandler
                0x0000000008000aa4                SPI4_IRQHandler
                0x0000000008000aa4                I2C2_EVT_IRQHandler
                0x0000000008000aa4                TMR20_CH_IRQHandler
                0x0000000008000aa4                TMR1_OVF_TMR10_IRQHandler
                0x0000000008000aa4                TMR8_TRG_HALL_TMR14_IRQHandler
                0x0000000008000aa4                I2C1_ERR_IRQHandler
                0x0000000008000aa4                TAMP_STAMP_IRQHandler
                0x0000000008000aa4                EMAC_IRQHandler
                0x0000000008000aa4                NMI_Handler
                0x0000000008000aa4                EDMA_Stream7_IRQHandler
                0x0000000008000aa4                CAN2_RX1_IRQHandler
                0x0000000008000aa4                TMR5_GLOBAL_IRQHandler
                0x0000000008000aa4                TMR20_OVF_IRQHandler
                0x0000000008000aa4                EDMA_Stream2_IRQHandler
                0x0000000008000aa4                CAN1_RX0_IRQHandler
                0x0000000008000aa4                FPU_IRQHandler
                0x0000000008000aa4                UsageFault_Handler
                0x0000000008000aa4                EDMA_Stream3_IRQHandler
                0x0000000008000aa4                SDIO2_IRQHandler
                0x0000000008000aa4                OTGFS2_IRQHandler
                0x0000000008000aa4                SPI1_IRQHandler
                0x0000000008000aa4                TMR6_DAC_GLOBAL_IRQHandler
                0x0000000008000aa4                CAN2_RX0_IRQHandler
                0x0000000008000aa4                OTGFS1_IRQHandler
                0x0000000008000aa4                DMA2_Channel2_IRQHandler
                0x0000000008000aa4                DMA1_Channel4_IRQHandler
                0x0000000008000aa4                TMR8_CH_IRQHandler
                0x0000000008000aa4                EDMA_Stream4_IRQHandler
                0x0000000008000aa4                USART6_IRQHandler
                0x0000000008000aa4                USART3_IRQHandler
                0x0000000008000aa4                DMA1_Channel7_IRQHandler
                0x0000000008000aa4                CAN1_RX1_IRQHandler
                0x0000000008000aa4                DVP_IRQHandler
                0x0000000008000aa4                UART5_IRQHandler
                0x0000000008000aa4                ACC_IRQHandler
                0x0000000008000aa4                DMAMUX_IRQHandler
                0x0000000008000aa4                EMAC_WKUP_IRQHandler
                0x0000000008000aa4                DMA2_Channel1_IRQHandler
                0x0000000008000aa4                OTGFS2_WKUP_IRQHandler
                0x0000000008000aa4                DMA1_Channel6_IRQHandler
                0x0000000008000aa4                UART4_IRQHandler
                0x0000000008000aa4                DMA2_Channel4_IRQHandler
                0x0000000008000aa4                ERTCAlarm_IRQHandler
                0x0000000008000aa4                DMA1_Channel1_IRQHandler
                0x0000000008000aa4                Default_Handler
                0x0000000008000aa4                DMA2_Channel7_IRQHandler
                0x0000000008000aa4                TMR20_BRK_IRQHandler
                0x0000000008000aa4                QSPI1_IRQHandler
                0x0000000008000aa4                TMR3_GLOBAL_IRQHandler
                0x0000000008000aa4                TMR7_GLOBAL_IRQHandler
                0x0000000008000aa4                CAN1_SE_IRQHandler
                0x0000000008000aa4                CAN2_TX_IRQHandler
                0x0000000008000aa4                I2C3_ERR_IRQHandler
                0x0000000008000aa4                SPI3_I2S3EXT_IRQHandler
                0x0000000008000aa4                TMR1_BRK_TMR9_IRQHandler
                0x0000000008000aa4                TMR8_BRK_TMR12_IRQHandler
                0x0000000008000aa4                MemManage_Handler
                0x0000000008000aa4                TMR1_TRG_HALL_TMR11_IRQHandler
                0x0000000008000aa4                CAN1_TX_IRQHandler
                0x0000000008000aa4                SVC_Handler
                0x0000000008000aa4                DMA2_Channel5_IRQHandler
                0x0000000008000aa4                DMA1_Channel5_IRQHandler
                0x0000000008000aa4                EDMA_Stream6_IRQHandler
                0x0000000008000aa4                QSPI2_IRQHandler
                0x0000000008000aa4                TMR4_GLOBAL_IRQHandler
                0x0000000008000aa4                CAN2_SE_IRQHandler
                0x0000000008000aa4                PVM_IRQHandler
                0x0000000008000aa4                I2C3_EVT_IRQHandler
                0x0000000008000aa4                DMA1_Channel3_IRQHandler
                0x0000000008000aa4                I2C1_EVT_IRQHandler
                0x0000000008000aa4                TMR8_OVF_TMR13_IRQHandler
                0x0000000008000aa4                DMA2_Channel6_IRQHandler
                0x0000000008000aa4                EDMA_Stream5_IRQHandler
                0x0000000008000aa4                EDMA_Stream1_IRQHandler
                0x0000000008000aa4                UART7_IRQHandler
                0x0000000008000aa4                USART2_IRQHandler
                0x0000000008000aa4                DMA1_Channel2_IRQHandler
                0x0000000008000aa4                TMR2_GLOBAL_IRQHandler
                0x0000000008000aa4                ERTC_WKUP_IRQHandler
                0x0000000008000aa4                FLASH_IRQHandler
                0x0000000008000aa4                SPI2_I2S2EXT_IRQHandler
                0x0000000008000aa4                I2C2_ERR_IRQHandler
                0x0000000008000aa4                BusFault_Handler
                0x0000000008000aa4                TMR1_CH_IRQHandler
                0x0000000008000aa4                CRM_IRQHandler
                0x0000000008000aa4                EDMA_Stream8_IRQHandler
                0x0000000008000aa4                OTGFS1_WKUP_IRQHandler
                0x0000000008000aa4                ADC1_2_3_IRQHandler
                0x0000000008000aa4                WWDT_IRQHandler
                0x0000000008000aa4                DMA2_Channel3_IRQHandler
 *fill*         0x0000000008000aa6        0x2 00000000
 .text.SystemInit
                0x0000000008000aa8       0x94 /home/mx3g/Desktop/rt-thread/bsp/at32/libraries/AT32F435_437_Firmware_Library/cmsis/cm4/device_support/system_at32f435_437.o
                0x0000000008000aa8                SystemInit
 .text.system_core_clock_update
                0x0000000008000b3c      0x144 /home/mx3g/Desktop/rt-thread/bsp/at32/libraries/AT32F435_437_Firmware_Library/cmsis/cm4/device_support/system_at32f435_437.o
                0x0000000008000b3c                system_core_clock_update
 .text.crm_reset
                0x0000000008000c80       0x78 /home/mx3g/Desktop/rt-thread/bsp/at32/libraries/AT32F435_437_Firmware_Library/drivers/src/at32f435_437_crm.o
                0x0000000008000c80                crm_reset
 .text.crm_flag_get
                0x0000000008000cf8       0x50 /home/mx3g/Desktop/rt-thread/bsp/at32/libraries/AT32F435_437_Firmware_Library/drivers/src/at32f435_437_crm.o
                0x0000000008000cf8                crm_flag_get
 .text.crm_hext_stable_wait
                0x0000000008000d48       0x4a /home/mx3g/Desktop/rt-thread/bsp/at32/libraries/AT32F435_437_Firmware_Library/drivers/src/at32f435_437_crm.o
                0x0000000008000d48                crm_hext_stable_wait
 .text.crm_periph_clock_enable
                0x0000000008000d92       0x7c /home/mx3g/Desktop/rt-thread/bsp/at32/libraries/AT32F435_437_Firmware_Library/drivers/src/at32f435_437_crm.o
                0x0000000008000d92                crm_periph_clock_enable
 *fill*         0x0000000008000e0e        0x2 00000000
 .text.crm_clock_source_enable
                0x0000000008000e10       0xa8 /home/mx3g/Desktop/rt-thread/bsp/at32/libraries/AT32F435_437_Firmware_Library/drivers/src/at32f435_437_crm.o
                0x0000000008000e10                crm_clock_source_enable
 .text.crm_ahb_div_set
                0x0000000008000eb8       0x2c /home/mx3g/Desktop/rt-thread/bsp/at32/libraries/AT32F435_437_Firmware_Library/drivers/src/at32f435_437_crm.o
                0x0000000008000eb8                crm_ahb_div_set
 .text.crm_apb1_div_set
                0x0000000008000ee4       0x2c /home/mx3g/Desktop/rt-thread/bsp/at32/libraries/AT32F435_437_Firmware_Library/drivers/src/at32f435_437_crm.o
                0x0000000008000ee4                crm_apb1_div_set
 .text.crm_apb2_div_set
                0x0000000008000f10       0x2c /home/mx3g/Desktop/rt-thread/bsp/at32/libraries/AT32F435_437_Firmware_Library/drivers/src/at32f435_437_crm.o
                0x0000000008000f10                crm_apb2_div_set
 .text.crm_auto_step_mode_enable
                0x0000000008000f3c       0x40 /home/mx3g/Desktop/rt-thread/bsp/at32/libraries/AT32F435_437_Firmware_Library/drivers/src/at32f435_437_crm.o
                0x0000000008000f3c                crm_auto_step_mode_enable
 .text.crm_pll_config
                0x0000000008000f7c       0x74 /home/mx3g/Desktop/rt-thread/bsp/at32/libraries/AT32F435_437_Firmware_Library/drivers/src/at32f435_437_crm.o
                0x0000000008000f7c                crm_pll_config
 .text.crm_sysclk_switch
                0x0000000008000ff0       0x2c /home/mx3g/Desktop/rt-thread/bsp/at32/libraries/AT32F435_437_Firmware_Library/drivers/src/at32f435_437_crm.o
                0x0000000008000ff0                crm_sysclk_switch
 .text.crm_sysclk_switch_status_get
                0x000000000800101c       0x1c /home/mx3g/Desktop/rt-thread/bsp/at32/libraries/AT32F435_437_Firmware_Library/drivers/src/at32f435_437_crm.o
                0x000000000800101c                crm_sysclk_switch_status_get
 .text.crm_clocks_freq_get
                0x0000000008001038      0x18c /home/mx3g/Desktop/rt-thread/bsp/at32/libraries/AT32F435_437_Firmware_Library/drivers/src/at32f435_437_crm.o
                0x0000000008001038                crm_clocks_freq_get
 .text.exint_default_para_init
                0x00000000080011c4       0x2c /home/mx3g/Desktop/rt-thread/bsp/at32/libraries/AT32F435_437_Firmware_Library/drivers/src/at32f435_437_exint.o
                0x00000000080011c4                exint_default_para_init
 .text.exint_init
                0x00000000080011f0       0xc8 /home/mx3g/Desktop/rt-thread/bsp/at32/libraries/AT32F435_437_Firmware_Library/drivers/src/at32f435_437_exint.o
                0x00000000080011f0                exint_init
 .text.exint_flag_clear
                0x00000000080012b8       0x20 /home/mx3g/Desktop/rt-thread/bsp/at32/libraries/AT32F435_437_Firmware_Library/drivers/src/at32f435_437_exint.o
                0x00000000080012b8                exint_flag_clear
 .text.exint_flag_get
                0x00000000080012d8       0x3c /home/mx3g/Desktop/rt-thread/bsp/at32/libraries/AT32F435_437_Firmware_Library/drivers/src/at32f435_437_exint.o
                0x00000000080012d8                exint_flag_get
 .text.gpio_init
                0x0000000008001314       0xf2 /home/mx3g/Desktop/rt-thread/bsp/at32/libraries/AT32F435_437_Firmware_Library/drivers/src/at32f435_437_gpio.o
                0x0000000008001314                gpio_init
 .text.gpio_default_para_init
                0x0000000008001406       0x34 /home/mx3g/Desktop/rt-thread/bsp/at32/libraries/AT32F435_437_Firmware_Library/drivers/src/at32f435_437_gpio.o
                0x0000000008001406                gpio_default_para_init
 .text.gpio_input_data_bit_read
                0x000000000800143a       0x36 /home/mx3g/Desktop/rt-thread/bsp/at32/libraries/AT32F435_437_Firmware_Library/drivers/src/at32f435_437_gpio.o
                0x000000000800143a                gpio_input_data_bit_read
 .text.gpio_bits_write
                0x0000000008001470       0x30 /home/mx3g/Desktop/rt-thread/bsp/at32/libraries/AT32F435_437_Firmware_Library/drivers/src/at32f435_437_gpio.o
                0x0000000008001470                gpio_bits_write
 .text.gpio_pin_mux_config
                0x00000000080014a0       0x94 /home/mx3g/Desktop/rt-thread/bsp/at32/libraries/AT32F435_437_Firmware_Library/drivers/src/at32f435_437_gpio.o
                0x00000000080014a0                gpio_pin_mux_config
 .text.__NVIC_SetPriorityGrouping
                0x0000000008001534       0x48 /home/mx3g/Desktop/rt-thread/bsp/at32/libraries/AT32F435_437_Firmware_Library/drivers/src/at32f435_437_misc.o
 .text.__NVIC_GetPriorityGrouping
                0x000000000800157c       0x1c /home/mx3g/Desktop/rt-thread/bsp/at32/libraries/AT32F435_437_Firmware_Library/drivers/src/at32f435_437_misc.o
 .text.__NVIC_EnableIRQ
                0x0000000008001598       0x3c /home/mx3g/Desktop/rt-thread/bsp/at32/libraries/AT32F435_437_Firmware_Library/drivers/src/at32f435_437_misc.o
 .text.__NVIC_DisableIRQ
                0x00000000080015d4       0x44 /home/mx3g/Desktop/rt-thread/bsp/at32/libraries/AT32F435_437_Firmware_Library/drivers/src/at32f435_437_misc.o
 .text.__NVIC_SetPriority
                0x0000000008001618       0x54 /home/mx3g/Desktop/rt-thread/bsp/at32/libraries/AT32F435_437_Firmware_Library/drivers/src/at32f435_437_misc.o
 .text.NVIC_EncodePriority
                0x000000000800166c       0x66 /home/mx3g/Desktop/rt-thread/bsp/at32/libraries/AT32F435_437_Firmware_Library/drivers/src/at32f435_437_misc.o
 .text.nvic_irq_enable
                0x00000000080016d2       0x42 /home/mx3g/Desktop/rt-thread/bsp/at32/libraries/AT32F435_437_Firmware_Library/drivers/src/at32f435_437_misc.o
                0x00000000080016d2                nvic_irq_enable
 .text.nvic_irq_disable
                0x0000000008001714       0x1c /home/mx3g/Desktop/rt-thread/bsp/at32/libraries/AT32F435_437_Firmware_Library/drivers/src/at32f435_437_misc.o
                0x0000000008001714                nvic_irq_disable
 .text.nvic_priority_group_config
                0x0000000008001730       0x1a /home/mx3g/Desktop/rt-thread/bsp/at32/libraries/AT32F435_437_Firmware_Library/drivers/src/at32f435_437_misc.o
                0x0000000008001730                nvic_priority_group_config
 *fill*         0x000000000800174a        0x2 00000000
 .text.systick_clock_source_config
                0x000000000800174c       0x3c /home/mx3g/Desktop/rt-thread/bsp/at32/libraries/AT32F435_437_Firmware_Library/drivers/src/at32f435_437_misc.o
                0x000000000800174c                systick_clock_source_config
 .text.scfg_exint_line_config
                0x0000000008001788       0xf8 /home/mx3g/Desktop/rt-thread/bsp/at32/libraries/AT32F435_437_Firmware_Library/drivers/src/at32f435_437_scfg.o
                0x0000000008001788                scfg_exint_line_config
 .text.usart_init
                0x0000000008001880      0x104 /home/mx3g/Desktop/rt-thread/bsp/at32/libraries/AT32F435_437_Firmware_Library/drivers/src/at32f435_437_usart.o
                0x0000000008001880                usart_init
 .text.usart_parity_selection_config
                0x0000000008001984       0x6a /home/mx3g/Desktop/rt-thread/bsp/at32/libraries/AT32F435_437_Firmware_Library/drivers/src/at32f435_437_usart.o
                0x0000000008001984                usart_parity_selection_config
 .text.usart_enable
                0x00000000080019ee       0x2a /home/mx3g/Desktop/rt-thread/bsp/at32/libraries/AT32F435_437_Firmware_Library/drivers/src/at32f435_437_usart.o
                0x00000000080019ee                usart_enable
 .text.usart_transmitter_enable
                0x0000000008001a18       0x2a /home/mx3g/Desktop/rt-thread/bsp/at32/libraries/AT32F435_437_Firmware_Library/drivers/src/at32f435_437_usart.o
                0x0000000008001a18                usart_transmitter_enable
 .text.usart_receiver_enable
                0x0000000008001a42       0x2a /home/mx3g/Desktop/rt-thread/bsp/at32/libraries/AT32F435_437_Firmware_Library/drivers/src/at32f435_437_usart.o
                0x0000000008001a42                usart_receiver_enable
 .text.usart_interrupt_enable
                0x0000000008001a6c       0x68 /home/mx3g/Desktop/rt-thread/bsp/at32/libraries/AT32F435_437_Firmware_Library/drivers/src/at32f435_437_usart.o
                0x0000000008001a6c                usart_interrupt_enable
 .text.usart_data_transmit
                0x0000000008001ad4       0x22 /home/mx3g/Desktop/rt-thread/bsp/at32/libraries/AT32F435_437_Firmware_Library/drivers/src/at32f435_437_usart.o
                0x0000000008001ad4                usart_data_transmit
 .text.usart_data_receive
                0x0000000008001af6       0x1a /home/mx3g/Desktop/rt-thread/bsp/at32/libraries/AT32F435_437_Firmware_Library/drivers/src/at32f435_437_usart.o
                0x0000000008001af6                usart_data_receive
 .text.usart_hardware_flow_control_set
                0x0000000008001b10       0x86 /home/mx3g/Desktop/rt-thread/bsp/at32/libraries/AT32F435_437_Firmware_Library/drivers/src/at32f435_437_usart.o
                0x0000000008001b10                usart_hardware_flow_control_set
 .text.usart_flag_get
                0x0000000008001b96       0x28 /home/mx3g/Desktop/rt-thread/bsp/at32/libraries/AT32F435_437_Firmware_Library/drivers/src/at32f435_437_usart.o
                0x0000000008001b96                usart_flag_get
 .text.usart_flag_clear
                0x0000000008001bbe       0x1e /home/mx3g/Desktop/rt-thread/bsp/at32/libraries/AT32F435_437_Firmware_Library/drivers/src/at32f435_437_usart.o
                0x0000000008001bbe                usart_flag_clear
 .text.__NVIC_SetPriority
                0x0000000008001bdc       0x54 /home/mx3g/Desktop/rt-thread/bsp/at32/libraries/rt_drivers/drv_common.o
 .text.SysTick_Config
                0x0000000008001c30       0x44 /home/mx3g/Desktop/rt-thread/bsp/at32/libraries/rt_drivers/drv_common.o
 .text.reboot   0x0000000008001c74       0x18 /home/mx3g/Desktop/rt-thread/bsp/at32/libraries/rt_drivers/drv_common.o
 .text.rt_hw_systick_init
                0x0000000008001c8c       0x4c /home/mx3g/Desktop/rt-thread/bsp/at32/libraries/rt_drivers/drv_common.o
                0x0000000008001c8c                rt_hw_systick_init
 .text.SysTick_Handler
                0x0000000008001cd8       0x14 /home/mx3g/Desktop/rt-thread/bsp/at32/libraries/rt_drivers/drv_common.o
                0x0000000008001cd8                SysTick_Handler
 .text.rt_hw_board_init
                0x0000000008001cec       0x3c /home/mx3g/Desktop/rt-thread/bsp/at32/libraries/rt_drivers/drv_common.o
                0x0000000008001cec                rt_hw_board_init
 .text.at32_pin_get
                0x0000000008001d28       0xb2 /home/mx3g/Desktop/rt-thread/bsp/at32/libraries/rt_drivers/drv_gpio.o
 .text.at32_pin_write
                0x0000000008001dda       0x56 /home/mx3g/Desktop/rt-thread/bsp/at32/libraries/rt_drivers/drv_gpio.o
 .text.at32_pin_read
                0x0000000008001e30       0x5a /home/mx3g/Desktop/rt-thread/bsp/at32/libraries/rt_drivers/drv_gpio.o
 .text.at32_pin_mode
                0x0000000008001e8a       0xc6 /home/mx3g/Desktop/rt-thread/bsp/at32/libraries/rt_drivers/drv_gpio.o
 .text.bit2bitno
                0x0000000008001f50       0x3c /home/mx3g/Desktop/rt-thread/bsp/at32/libraries/rt_drivers/drv_gpio.o
 .text.get_pin_irq_map
                0x0000000008001f8c       0x3c /home/mx3g/Desktop/rt-thread/bsp/at32/libraries/rt_drivers/drv_gpio.o
 .text.at32_pin_attach_irq
                0x0000000008001fc8      0x114 /home/mx3g/Desktop/rt-thread/bsp/at32/libraries/rt_drivers/drv_gpio.o
 .text.at32_pin_dettach_irq
                0x00000000080020dc       0xc0 /home/mx3g/Desktop/rt-thread/bsp/at32/libraries/rt_drivers/drv_gpio.o
 .text.at32_pin_irq_enable
                0x000000000800219c      0x214 /home/mx3g/Desktop/rt-thread/bsp/at32/libraries/rt_drivers/drv_gpio.o
 .text.pin_irq_handler
                0x00000000080023b0       0x5c /home/mx3g/Desktop/rt-thread/bsp/at32/libraries/rt_drivers/drv_gpio.o
 .text.gpio_exint_handler
                0x000000000800240c       0x22 /home/mx3g/Desktop/rt-thread/bsp/at32/libraries/rt_drivers/drv_gpio.o
                0x000000000800240c                gpio_exint_handler
 .text.EXINT0_IRQHandler
                0x000000000800242e       0x16 /home/mx3g/Desktop/rt-thread/bsp/at32/libraries/rt_drivers/drv_gpio.o
                0x000000000800242e                EXINT0_IRQHandler
 .text.EXINT1_IRQHandler
                0x0000000008002444       0x16 /home/mx3g/Desktop/rt-thread/bsp/at32/libraries/rt_drivers/drv_gpio.o
                0x0000000008002444                EXINT1_IRQHandler
 .text.EXINT2_IRQHandler
                0x000000000800245a       0x16 /home/mx3g/Desktop/rt-thread/bsp/at32/libraries/rt_drivers/drv_gpio.o
                0x000000000800245a                EXINT2_IRQHandler
 .text.EXINT3_IRQHandler
                0x0000000008002470       0x16 /home/mx3g/Desktop/rt-thread/bsp/at32/libraries/rt_drivers/drv_gpio.o
                0x0000000008002470                EXINT3_IRQHandler
 .text.EXINT4_IRQHandler
                0x0000000008002486       0x16 /home/mx3g/Desktop/rt-thread/bsp/at32/libraries/rt_drivers/drv_gpio.o
                0x0000000008002486                EXINT4_IRQHandler
 .text.EXINT9_5_IRQHandler
                0x000000000800249c       0x72 /home/mx3g/Desktop/rt-thread/bsp/at32/libraries/rt_drivers/drv_gpio.o
                0x000000000800249c                EXINT9_5_IRQHandler
 .text.EXINT15_10_IRQHandler
                0x000000000800250e       0x94 /home/mx3g/Desktop/rt-thread/bsp/at32/libraries/rt_drivers/drv_gpio.o
                0x000000000800250e                EXINT15_10_IRQHandler
 *fill*         0x00000000080025a2        0x2 00000000
 .text.rt_hw_pin_init
                0x00000000080025a4       0x88 /home/mx3g/Desktop/rt-thread/bsp/at32/libraries/rt_drivers/drv_gpio.o
                0x00000000080025a4                rt_hw_pin_init
 .text.at32_configure
                0x000000000800262c      0x154 /home/mx3g/Desktop/rt-thread/bsp/at32/libraries/rt_drivers/drv_usart.o
 .text.at32_control
                0x0000000008002780       0x94 /home/mx3g/Desktop/rt-thread/bsp/at32/libraries/rt_drivers/drv_usart.o
 .text.at32_putc
                0x0000000008002814       0x6c /home/mx3g/Desktop/rt-thread/bsp/at32/libraries/rt_drivers/drv_usart.o
 .text.at32_getc
                0x0000000008002880       0x6c /home/mx3g/Desktop/rt-thread/bsp/at32/libraries/rt_drivers/drv_usart.o
 .text.usart_isr
                0x00000000080028ec       0xc4 /home/mx3g/Desktop/rt-thread/bsp/at32/libraries/rt_drivers/drv_usart.o
 .text.USART1_IRQHandler
                0x00000000080029b0       0x1c /home/mx3g/Desktop/rt-thread/bsp/at32/libraries/rt_drivers/drv_usart.o
                0x00000000080029b0                USART1_IRQHandler
 .text.at32_uart_get_dma_config
                0x00000000080029cc       0x18 /home/mx3g/Desktop/rt-thread/bsp/at32/libraries/rt_drivers/drv_usart.o
 .text.rt_hw_usart_init
                0x00000000080029e4       0xec /home/mx3g/Desktop/rt-thread/bsp/at32/libraries/rt_drivers/drv_usart.o
                0x00000000080029e4                rt_hw_usart_init
 .text.rt_list_init
                0x0000000008002ad0       0x22 build/kernel/components/drivers/ipc/completion.o
 .text.rt_list_insert_before
                0x0000000008002af2       0x32 build/kernel/components/drivers/ipc/completion.o
 .text.rt_list_isempty
                0x0000000008002b24       0x24 build/kernel/components/drivers/ipc/completion.o
 .text.rt_completion_init
                0x0000000008002b48       0x44 build/kernel/components/drivers/ipc/completion.o
                0x0000000008002b48                rt_completion_init
 .text.rt_completion_wait
                0x0000000008002b8c      0x1a8 build/kernel/components/drivers/ipc/completion.o
                0x0000000008002b8c                rt_completion_wait
 .text.rt_completion_done
                0x0000000008002d34       0x70 build/kernel/components/drivers/ipc/completion.o
                0x0000000008002d34                rt_completion_done
 .text._pin_read
                0x0000000008002da4       0x60 build/kernel/components/drivers/misc/pin.o
 .text._pin_write
                0x0000000008002e04       0x5c build/kernel/components/drivers/misc/pin.o
 .text._pin_control
                0x0000000008002e60       0x54 build/kernel/components/drivers/misc/pin.o
 .text.rt_device_pin_register
                0x0000000008002eb4       0x74 build/kernel/components/drivers/misc/pin.o
                0x0000000008002eb4                rt_device_pin_register
 .text.rt_pin_mode
                0x0000000008002f28       0x40 build/kernel/components/drivers/misc/pin.o
                0x0000000008002f28                rt_pin_mode
 .text.rt_pin_write
                0x0000000008002f68       0x40 build/kernel/components/drivers/misc/pin.o
                0x0000000008002f68                rt_pin_write
 .text.rt_pin_read
                0x0000000008002fa8       0x3c build/kernel/components/drivers/misc/pin.o
                0x0000000008002fa8                rt_pin_read
 .text.rt_pin_get
                0x0000000008002fe4       0x60 build/kernel/components/drivers/misc/pin.o
                0x0000000008002fe4                rt_pin_get
 .text._pin_cmd_conv
                0x0000000008003044       0xb2 build/kernel/components/drivers/misc/pin.o
 *fill*         0x00000000080030f6        0x2 00000000
 .text._pin_cmd_print_usage
                0x00000000080030f8       0x58 build/kernel/components/drivers/misc/pin.o
 .text._pin_cmd_get
                0x0000000008003150       0x5c build/kernel/components/drivers/misc/pin.o
 .text._pin_cmd_mode
                0x00000000080031ac      0x110 build/kernel/components/drivers/misc/pin.o
 .text._pin_cmd_read
                0x00000000080032bc       0x94 build/kernel/components/drivers/misc/pin.o
 .text._pin_cmd_write
                0x0000000008003350       0xe4 build/kernel/components/drivers/misc/pin.o
 .text._pin_cmd
                0x0000000008003434       0xac build/kernel/components/drivers/misc/pin.o
 .text._serial_poll_rx
                0x00000000080034e0       0x80 build/kernel/components/drivers/serial/serial.o
 .text._serial_poll_tx
                0x0000000008003560       0x7c build/kernel/components/drivers/serial/serial.o
 .text._serial_int_rx
                0x00000000080035dc       0xd8 build/kernel/components/drivers/serial/serial.o
 .text._serial_int_tx
                0x00000000080036b4       0xc4 build/kernel/components/drivers/serial/serial.o
 .text._serial_check_buffer_size
                0x0000000008003778       0x38 build/kernel/components/drivers/serial/serial.o
 .text.rt_serial_init
                0x00000000080037b0       0x6c build/kernel/components/drivers/serial/serial.o
 .text.rt_serial_open
                0x000000000800381c      0x20c build/kernel/components/drivers/serial/serial.o
 .text.rt_serial_close
                0x0000000008003a28       0xfc build/kernel/components/drivers/serial/serial.o
 .text.rt_serial_read
                0x0000000008003b24       0x68 build/kernel/components/drivers/serial/serial.o
 .text.rt_serial_write
                0x0000000008003b8c       0x68 build/kernel/components/drivers/serial/serial.o
 .text.rt_serial_control
                0x0000000008003bf4      0x120 build/kernel/components/drivers/serial/serial.o
 .text.rt_hw_serial_register
                0x0000000008003d14       0x9c build/kernel/components/drivers/serial/serial.o
                0x0000000008003d14                rt_hw_serial_register
 .text.rt_hw_serial_isr
                0x0000000008003db0      0x160 build/kernel/components/drivers/serial/serial.o
                0x0000000008003db0                rt_hw_serial_isr
 .text.rt_list_isempty
                0x0000000008003f10       0x24 build/kernel/components/finsh/cmd.o
 .text.rt_list_len
                0x0000000008003f34       0x36 build/kernel/components/finsh/cmd.o
 *fill*         0x0000000008003f6a        0x2 00000000
 .text.clear    0x0000000008003f6c       0x14 build/kernel/components/finsh/cmd.o
 .text.version  0x0000000008003f80        0xe build/kernel/components/finsh/cmd.o
                0x0000000008003f80                version
 *fill*         0x0000000008003f8e        0x2 00000000
 .text.object_split
                0x0000000008003f90       0x28 build/kernel/components/finsh/cmd.o
 .text.list_find_init
                0x0000000008003fb8       0x46 build/kernel/components/finsh/cmd.o
 .text.list_get_next
                0x0000000008003ffe       0xc0 build/kernel/components/finsh/cmd.o
 *fill*         0x00000000080040be        0x2 00000000
 .text.list_thread
                0x00000000080040c0      0x218 build/kernel/components/finsh/cmd.o
                0x00000000080040c0                list_thread
 .text.show_wait_queue
                0x00000000080042d8       0x50 build/kernel/components/finsh/cmd.o
 .text.list_sem
                0x0000000008004328      0x128 build/kernel/components/finsh/cmd.o
                0x0000000008004328                list_sem
 .text.list_event
                0x0000000008004450      0x114 build/kernel/components/finsh/cmd.o
                0x0000000008004450                list_event
 .text.list_mutex
                0x0000000008004564      0x154 build/kernel/components/finsh/cmd.o
                0x0000000008004564                list_mutex
 .text.list_mailbox
                0x00000000080046b8      0x138 build/kernel/components/finsh/cmd.o
                0x00000000080046b8                list_mailbox
 .text.list_msgqueue
                0x00000000080047f0      0x128 build/kernel/components/finsh/cmd.o
                0x00000000080047f0                list_msgqueue
 .text.list_memheap
                0x0000000008004918       0xd4 build/kernel/components/finsh/cmd.o
                0x0000000008004918                list_memheap
 .text.list_mempool
                0x00000000080049ec      0x140 build/kernel/components/finsh/cmd.o
                0x00000000080049ec                list_mempool
 .text.list_timer
                0x0000000008004b2c      0x124 build/kernel/components/finsh/cmd.o
                0x0000000008004b2c                list_timer
 .text.list_device
                0x0000000008004c50      0x100 build/kernel/components/finsh/cmd.o
                0x0000000008004c50                list_device
 .text.cmd_list
                0x0000000008004d50      0x1dc build/kernel/components/finsh/cmd.o
                0x0000000008004d50                cmd_list
 .text.msh_help
                0x0000000008004f2c       0x5c build/kernel/components/finsh/msh.o
                0x0000000008004f2c                msh_help
 .text.cmd_ps   0x0000000008004f88       0x18 build/kernel/components/finsh/msh.o
                0x0000000008004f88                cmd_ps
 .text.cmd_free
                0x0000000008004fa0       0x70 build/kernel/components/finsh/msh.o
                0x0000000008004fa0                cmd_free
 .text.msh_split
                0x0000000008005010      0x170 build/kernel/components/finsh/msh.o
 .text.msh_get_cmd
                0x0000000008005180       0x64 build/kernel/components/finsh/msh.o
 .text._msh_exec_cmd
                0x00000000080051e4       0xd4 build/kernel/components/finsh/msh.o
 .text.msh_exec
                0x00000000080052b8       0x8c build/kernel/components/finsh/msh.o
                0x00000000080052b8                msh_exec
 .text.str_common
                0x0000000008005344       0x4a build/kernel/components/finsh/msh.o
 *fill*         0x000000000800538e        0x2 00000000
 .text.msh_auto_complete
                0x0000000008005390       0xb4 build/kernel/components/finsh/msh.o
                0x0000000008005390                msh_auto_complete
 .text.msh_isint
                0x0000000008005444       0x66 build/kernel/components/finsh/msh_parse.o
                0x0000000008005444                msh_isint
 *fill*         0x00000000080054aa        0x2 00000000
 .text.finsh_get_prompt
                0x00000000080054ac       0x78 build/kernel/components/finsh/shell.o
                0x00000000080054ac                finsh_get_prompt
 .text.finsh_set_prompt_mode
                0x0000000008005524       0x48 build/kernel/components/finsh/shell.o
                0x0000000008005524                finsh_set_prompt_mode
 .text.finsh_getchar
                0x000000000800556c       0x90 build/kernel/components/finsh/shell.o
                0x000000000800556c                finsh_getchar
 .text.finsh_rx_ind
                0x00000000080055fc       0x3c build/kernel/components/finsh/shell.o
 .text.finsh_set_device
                0x0000000008005638       0xd8 build/kernel/components/finsh/shell.o
                0x0000000008005638                finsh_set_device
 .text.shell_auto_complete
                0x0000000008005710       0x34 build/kernel/components/finsh/shell.o
 .text.shell_handle_history
                0x0000000008005744       0x34 build/kernel/components/finsh/shell.o
 .text.shell_push_history
                0x0000000008005778      0x15e build/kernel/components/finsh/shell.o
 *fill*         0x00000000080058d6        0x2 00000000
 .text.finsh_thread_entry
                0x00000000080058d8      0x5d0 build/kernel/components/finsh/shell.o
                0x00000000080058d8                finsh_thread_entry
 .text.finsh_system_function_init
                0x0000000008005ea8       0x2c build/kernel/components/finsh/shell.o
                0x0000000008005ea8                finsh_system_function_init
 .text.finsh_system_init
                0x0000000008005ed4       0x9c build/kernel/components/finsh/shell.o
                0x0000000008005ed4                finsh_system_init
 .text._malloc_r
                0x0000000008005f70       0x28 build/kernel/components/libc/compilers/newlib/syscalls.o
                0x0000000008005f70                _malloc_r
 .text.__libc_init_array
                0x0000000008005f98        0xe build/kernel/components/libc/compilers/newlib/syscalls.o
                0x0000000008005f98                __libc_init_array
 *fill*         0x0000000008005fa6        0x2 00000000
 .text.rt_hw_stack_init
                0x0000000008005fa8       0x90 build/kernel/libcpu/arm/cortex-m4/cpuport.o
                0x0000000008005fa8                rt_hw_stack_init
 .text.usage_fault_track
                0x0000000008006038       0xc4 build/kernel/libcpu/arm/cortex-m4/cpuport.o
 .text.bus_fault_track
                0x00000000080060fc       0xcc build/kernel/libcpu/arm/cortex-m4/cpuport.o
 .text.mem_manage_fault_track
                0x00000000080061c8       0xb4 build/kernel/libcpu/arm/cortex-m4/cpuport.o
 .text.hard_fault_track
                0x000000000800627c       0x78 build/kernel/libcpu/arm/cortex-m4/cpuport.o
 .text.rt_hw_hard_fault_exception
                0x00000000080062f4      0x184 build/kernel/libcpu/arm/cortex-m4/cpuport.o
                0x00000000080062f4                rt_hw_hard_fault_exception
 .text.rt_hw_cpu_reset
                0x0000000008006478       0x1c build/kernel/libcpu/arm/cortex-m4/cpuport.o
                0x0000000008006478                rt_hw_cpu_reset
 .text.__rt_ffs
                0x0000000008006494       0x2a build/kernel/libcpu/arm/cortex-m4/cpuport.o
                0x0000000008006494                __rt_ffs
 *fill*         0x00000000080064be        0x2 00000000
 .text.rt_tick_get
                0x00000000080064c0       0x18 build/kernel/src/clock.o
                0x00000000080064c0                rt_tick_get
 .text.rt_tick_increase
                0x00000000080064d8       0x7c build/kernel/src/clock.o
                0x00000000080064d8                rt_tick_increase
 .text.rt_tick_from_millisecond
                0x0000000008006554       0x78 build/kernel/src/clock.o
                0x0000000008006554                rt_tick_from_millisecond
 .text.rti_start
                0x00000000080065cc       0x10 build/kernel/src/components.o
 .text.rti_board_start
                0x00000000080065dc       0x10 build/kernel/src/components.o
 .text.rti_board_end
                0x00000000080065ec       0x10 build/kernel/src/components.o
 .text.rti_end  0x00000000080065fc       0x10 build/kernel/src/components.o
 .text.rt_components_board_init
                0x000000000800660c       0x30 build/kernel/src/components.o
                0x000000000800660c                rt_components_board_init
 .text.rt_components_init
                0x000000000800663c       0x30 build/kernel/src/components.o
                0x000000000800663c                rt_components_init
 .text.entry    0x000000000800666c        0xe build/kernel/src/components.o
                0x000000000800666c                entry
 .text.main_thread_entry
                0x000000000800667a       0x18 build/kernel/src/components.o
                0x000000000800667a                main_thread_entry
 *fill*         0x0000000008006692        0x2 00000000
 .text.rt_application_init
                0x0000000008006694       0x4c build/kernel/src/components.o
                0x0000000008006694                rt_application_init
 .text.rtthread_startup
                0x00000000080066e0       0x2e build/kernel/src/components.o
                0x00000000080066e0                rtthread_startup
 .text.rt_device_register
                0x000000000800670e       0x54 build/kernel/src/device.o
                0x000000000800670e                rt_device_register
 .text.rt_device_find
                0x0000000008006762       0x1a build/kernel/src/device.o
                0x0000000008006762                rt_device_find
 .text.rt_device_open
                0x000000000800677c      0x13c build/kernel/src/device.o
                0x000000000800677c                rt_device_open
 .text.rt_device_close
                0x00000000080068b8       0x9c build/kernel/src/device.o
                0x00000000080068b8                rt_device_close
 .text.rt_device_read
                0x0000000008006954       0x88 build/kernel/src/device.o
                0x0000000008006954                rt_device_read
 .text.rt_device_write
                0x00000000080069dc       0x88 build/kernel/src/device.o
                0x00000000080069dc                rt_device_write
 .text.rt_device_set_rx_indicate
                0x0000000008006a64       0x54 build/kernel/src/device.o
                0x0000000008006a64                rt_device_set_rx_indicate
 .text.rt_list_insert_after
                0x0000000008006ab8       0x32 build/kernel/src/idle.o
 .text.rt_list_remove
                0x0000000008006aea       0x36 build/kernel/src/idle.o
 .text.rt_thread_defunct_enqueue
                0x0000000008006b20       0x20 build/kernel/src/idle.o
                0x0000000008006b20                rt_thread_defunct_enqueue
 .text.rt_thread_defunct_dequeue
                0x0000000008006b40       0x44 build/kernel/src/idle.o
                0x0000000008006b40                rt_thread_defunct_dequeue
 .text.rt_defunct_execute
                0x0000000008006b84       0x5c build/kernel/src/idle.o
 .text.idle_thread_entry
                0x0000000008006be0       0x38 build/kernel/src/idle.o
 .text.rt_thread_idle_init
                0x0000000008006c18       0x7c build/kernel/src/idle.o
                0x0000000008006c18                rt_thread_idle_init
 .text.rt_list_init
                0x0000000008006c94       0x22 build/kernel/src/ipc.o
 .text.rt_list_insert_after
                0x0000000008006cb6       0x32 build/kernel/src/ipc.o
 .text.rt_list_insert_before
                0x0000000008006ce8       0x32 build/kernel/src/ipc.o
 .text.rt_list_remove
                0x0000000008006d1a       0x36 build/kernel/src/ipc.o
 .text.rt_list_isempty
                0x0000000008006d50       0x24 build/kernel/src/ipc.o
 .text._ipc_object_init
                0x0000000008006d74       0x1c build/kernel/src/ipc.o
 .text._ipc_list_suspend
                0x0000000008006d90       0xc4 build/kernel/src/ipc.o
 .text._ipc_list_resume
                0x0000000008006e54       0x26 build/kernel/src/ipc.o
 *fill*         0x0000000008006e7a        0x2 00000000
 .text.rt_sem_init
                0x0000000008006e7c       0x88 build/kernel/src/ipc.o
                0x0000000008006e7c                rt_sem_init
 .text._rt_sem_take
                0x0000000008006f04      0x1d8 build/kernel/src/ipc.o
 .text.rt_sem_take
                0x00000000080070dc       0x1e build/kernel/src/ipc.o
                0x00000000080070dc                rt_sem_take
 *fill*         0x00000000080070fa        0x2 00000000
 .text.rt_sem_release
                0x00000000080070fc       0xc0 build/kernel/src/ipc.o
                0x00000000080070fc                rt_sem_release
 .text._mutex_update_priority
                0x00000000080071bc       0x3e build/kernel/src/ipc.o
 .text._thread_get_mutex_priority
                0x00000000080071fa       0x64 build/kernel/src/ipc.o
 .text._thread_update_priority
                0x000000000800725e       0xa4 build/kernel/src/ipc.o
 *fill*         0x0000000008007302        0x2 00000000
 .text.rt_mutex_init
                0x0000000008007304       0x70 build/kernel/src/ipc.o
                0x0000000008007304                rt_mutex_init
 .text.rt_mutex_drop_thread
                0x0000000008007374       0x90 build/kernel/src/ipc.o
                0x0000000008007374                rt_mutex_drop_thread
 .text._rt_mutex_take
                0x0000000008007404      0x2f8 build/kernel/src/ipc.o
 .text.rt_mutex_take
                0x00000000080076fc       0x1e build/kernel/src/ipc.o
                0x00000000080076fc                rt_mutex_take
 *fill*         0x000000000800771a        0x2 00000000
 .text.rt_mutex_release
                0x000000000800771c      0x1dc build/kernel/src/ipc.o
                0x000000000800771c                rt_mutex_release
 .text.rt_interrupt_enter
                0x00000000080078f8       0x40 build/kernel/src/irq.o
                0x00000000080078f8                rt_interrupt_enter
 .text.rt_interrupt_leave
                0x0000000008007938       0x40 build/kernel/src/irq.o
                0x0000000008007938                rt_interrupt_leave
 .text.rt_interrupt_get_nest
                0x0000000008007978       0x28 build/kernel/src/irq.o
                0x0000000008007978                rt_interrupt_get_nest
 .text.rt_hw_interrupt_is_disabled
                0x00000000080079a0       0x10 build/kernel/src/irq.o
                0x00000000080079a0                rt_hw_interrupt_is_disabled
 .text.rt_strerror
                0x00000000080079b0       0x38 build/kernel/src/kservice.o
                0x00000000080079b0                rt_strerror
 .text.rt_set_errno
                0x00000000080079e8       0x44 build/kernel/src/kservice.o
                0x00000000080079e8                rt_set_errno
 .text.rt_memset
                0x0000000008007a2c       0xc8 build/kernel/src/kservice.o
                0x0000000008007a2c                rt_memset
 .text.rt_memcpy
                0x0000000008007af4       0xda build/kernel/src/kservice.o
                0x0000000008007af4                rt_memcpy
 .text.rt_memmove
                0x0000000008007bce       0x82 build/kernel/src/kservice.o
                0x0000000008007bce                rt_memmove
 .text.rt_strncpy
                0x0000000008007c50       0x64 build/kernel/src/kservice.o
                0x0000000008007c50                rt_strncpy
 .text.rt_strncmp
                0x0000000008007cb4       0x54 build/kernel/src/kservice.o
                0x0000000008007cb4                rt_strncmp
 .text.rt_strcmp
                0x0000000008007d08       0x44 build/kernel/src/kservice.o
                0x0000000008007d08                rt_strcmp
 .text.rt_strlen
                0x0000000008007d4c       0x32 build/kernel/src/kservice.o
                0x0000000008007d4c                rt_strlen
 *fill*         0x0000000008007d7e        0x2 00000000
 .text.rt_show_version
                0x0000000008007d80       0x4c build/kernel/src/kservice.o
                0x0000000008007d80                rt_show_version
 .text.divide   0x0000000008007dcc       0x38 build/kernel/src/kservice.o
 .text.skip_atoi
                0x0000000008007e04       0x46 build/kernel/src/kservice.o
 *fill*         0x0000000008007e4a        0x2 00000000
 .text.print_number
                0x0000000008007e4c      0x334 build/kernel/src/kservice.o
 .text.rt_vsnprintf
                0x0000000008008180      0x59c build/kernel/src/kservice.o
                0x0000000008008180                rt_vsnprintf
 .text.rt_snprintf
                0x000000000800871c       0x34 build/kernel/src/kservice.o
                0x000000000800871c                rt_snprintf
 .text.rt_console_get_device
                0x0000000008008750       0x18 build/kernel/src/kservice.o
                0x0000000008008750                rt_console_get_device
 .text.rt_console_set_device
                0x0000000008008768       0x58 build/kernel/src/kservice.o
                0x0000000008008768                rt_console_set_device
 .text.rt_hw_console_output
                0x00000000080087c0       0x14 build/kernel/src/kservice.o
                0x00000000080087c0                rt_hw_console_output
 .text.rt_kprintf
                0x00000000080087d4       0x64 build/kernel/src/kservice.o
                0x00000000080087d4                rt_kprintf
 .text._heap_lock_init
                0x0000000008008838       0x1c build/kernel/src/kservice.o
 .text._heap_lock
                0x0000000008008854       0x28 build/kernel/src/kservice.o
 .text._heap_unlock
                0x000000000800887c       0x40 build/kernel/src/kservice.o
 .text._smem_info
                0x00000000080088bc       0x4c build/kernel/src/kservice.o
 .text.rt_system_heap_init
                0x0000000008008908       0x64 build/kernel/src/kservice.o
                0x0000000008008908                rt_system_heap_init
 .text.rt_malloc
                0x000000000800896c       0x48 build/kernel/src/kservice.o
                0x000000000800896c                rt_malloc
 .text.rt_calloc
                0x00000000080089b4       0x3c build/kernel/src/kservice.o
                0x00000000080089b4                rt_calloc
 .text.rt_free  0x00000000080089f0       0x40 build/kernel/src/kservice.o
                0x00000000080089f0                rt_free
 .text.rt_memory_info
                0x0000000008008a30       0x2a build/kernel/src/kservice.o
                0x0000000008008a30                rt_memory_info
 *fill*         0x0000000008008a5a        0x2 00000000
 .text.rt_assert_handler
                0x0000000008008a5c       0x4c build/kernel/src/kservice.o
                0x0000000008008a5c                rt_assert_handler
 .text.plug_holes
                0x0000000008008aa8       0xf8 build/kernel/src/mem.o
 .text.rt_smem_init
                0x0000000008008ba0      0x104 build/kernel/src/mem.o
                0x0000000008008ba0                rt_smem_init
 .text.rt_smem_alloc
                0x0000000008008ca4      0x26c build/kernel/src/mem.o
                0x0000000008008ca4                rt_smem_alloc
 .text.rt_smem_free
                0x0000000008008f10      0x140 build/kernel/src/mem.o
                0x0000000008008f10                rt_smem_free
 .text.rt_list_insert_after
                0x0000000008009050       0x32 build/kernel/src/object.o
 .text.rt_list_remove
                0x0000000008009082       0x36 build/kernel/src/object.o
 .text.rt_object_get_information
                0x00000000080090b8       0x48 build/kernel/src/object.o
                0x00000000080090b8                rt_object_get_information
 .text.rt_object_init
                0x0000000008009100       0xc4 build/kernel/src/object.o
                0x0000000008009100                rt_object_init
 .text.rt_object_detach
                0x00000000080091c4       0x5c build/kernel/src/object.o
                0x00000000080091c4                rt_object_detach
 .text.rt_object_allocate
                0x0000000008009220       0xd8 build/kernel/src/object.o
                0x0000000008009220                rt_object_allocate
 .text.rt_object_delete
                0x00000000080092f8       0x7c build/kernel/src/object.o
                0x00000000080092f8                rt_object_delete
 .text.rt_object_is_systemobject
                0x0000000008009374       0x3c build/kernel/src/object.o
                0x0000000008009374                rt_object_is_systemobject
 .text.rt_object_get_type
                0x00000000080093b0       0x34 build/kernel/src/object.o
                0x00000000080093b0                rt_object_get_type
 .text.rt_object_find
                0x00000000080093e4       0xb4 build/kernel/src/object.o
                0x00000000080093e4                rt_object_find
 .text.rt_list_init
                0x0000000008009498       0x22 build/kernel/src/scheduler_up.o
 .text.rt_list_insert_after
                0x00000000080094ba       0x32 build/kernel/src/scheduler_up.o
 .text.rt_list_insert_before
                0x00000000080094ec       0x32 build/kernel/src/scheduler_up.o
 .text.rt_list_remove
                0x000000000800951e       0x36 build/kernel/src/scheduler_up.o
 .text.rt_list_isempty
                0x0000000008009554       0x24 build/kernel/src/scheduler_up.o
 .text._scheduler_stack_check
                0x0000000008009578       0x94 build/kernel/src/scheduler_up.o
 .text._scheduler_get_highest_priority_thread
                0x000000000800960c       0x3c build/kernel/src/scheduler_up.o
 .text.rt_system_scheduler_init
                0x0000000008009648       0x48 build/kernel/src/scheduler_up.o
                0x0000000008009648                rt_system_scheduler_init
 .text.rt_system_scheduler_start
                0x0000000008009690       0x3c build/kernel/src/scheduler_up.o
                0x0000000008009690                rt_system_scheduler_start
 .text.rt_schedule
                0x00000000080096cc      0x1a0 build/kernel/src/scheduler_up.o
                0x00000000080096cc                rt_schedule
 .text.rt_schedule_insert_thread
                0x000000000800986c       0xd4 build/kernel/src/scheduler_up.o
                0x000000000800986c                rt_schedule_insert_thread
 .text.rt_schedule_remove_thread
                0x0000000008009940       0x70 build/kernel/src/scheduler_up.o
                0x0000000008009940                rt_schedule_remove_thread
 .text.rt_enter_critical
                0x00000000080099b0       0x30 build/kernel/src/scheduler_up.o
                0x00000000080099b0                rt_enter_critical
 .text.rt_exit_critical
                0x00000000080099e0       0x58 build/kernel/src/scheduler_up.o
                0x00000000080099e0                rt_exit_critical
 .text.rt_critical_level
                0x0000000008009a38       0x1c build/kernel/src/scheduler_up.o
                0x0000000008009a38                rt_critical_level
 .text.rt_list_init
                0x0000000008009a54       0x22 build/kernel/src/thread.o
 .text.rt_list_remove
                0x0000000008009a76       0x36 build/kernel/src/thread.o
 .text._thread_exit
                0x0000000008009aac       0x42 build/kernel/src/thread.o
 *fill*         0x0000000008009aee        0x2 00000000
 .text._thread_timeout
                0x0000000008009af0       0x8c build/kernel/src/thread.o
 .text._thread_init
                0x0000000008009b7c      0x11c build/kernel/src/thread.o
 .text.rt_thread_init
                0x0000000008009c98       0x70 build/kernel/src/thread.o
                0x0000000008009c98                rt_thread_init
 .text.rt_thread_self
                0x0000000008009d08       0x18 build/kernel/src/thread.o
                0x0000000008009d08                rt_thread_self
 .text.rt_thread_startup
                0x0000000008009d20       0x94 build/kernel/src/thread.o
                0x0000000008009d20                rt_thread_startup
 .text.rt_thread_detach
                0x0000000008009db4       0xdc build/kernel/src/thread.o
                0x0000000008009db4                rt_thread_detach
 .text.rt_thread_create
                0x0000000008009e90       0x62 build/kernel/src/thread.o
                0x0000000008009e90                rt_thread_create
 *fill*         0x0000000008009ef2        0x2 00000000
 .text.rt_thread_delete
                0x0000000008009ef4       0xdc build/kernel/src/thread.o
                0x0000000008009ef4                rt_thread_delete
 .text.rt_thread_sleep
                0x0000000008009fd0      0x16c build/kernel/src/thread.o
                0x0000000008009fd0                rt_thread_sleep
 .text.rt_thread_delay
                0x000000000800a13c       0x18 build/kernel/src/thread.o
                0x000000000800a13c                rt_thread_delay
 .text.rt_thread_mdelay
                0x000000000800a154       0x20 build/kernel/src/thread.o
                0x000000000800a154                rt_thread_mdelay
 .text.rt_thread_control
                0x000000000800a174       0xf4 build/kernel/src/thread.o
                0x000000000800a174                rt_thread_control
 .text.rt_thread_set_suspend_state
                0x000000000800a268       0x80 build/kernel/src/thread.o
 .text.rt_thread_suspend_with_flag
                0x000000000800a2e8       0xdc build/kernel/src/thread.o
                0x000000000800a2e8                rt_thread_suspend_with_flag
 .text.rt_thread_resume
                0x000000000800a3c4       0x98 build/kernel/src/thread.o
                0x000000000800a3c4                rt_thread_resume
 .text.rt_list_init
                0x000000000800a45c       0x22 build/kernel/src/timer.o
 .text.rt_list_insert_after
                0x000000000800a47e       0x32 build/kernel/src/timer.o
 .text.rt_list_remove
                0x000000000800a4b0       0x36 build/kernel/src/timer.o
 .text.rt_list_isempty
                0x000000000800a4e6       0x24 build/kernel/src/timer.o
 .text._timer_init
                0x000000000800a50a       0x68 build/kernel/src/timer.o
 .text._timer_list_next_timeout
                0x000000000800a572       0x48 build/kernel/src/timer.o
 .text._timer_remove
                0x000000000800a5ba       0x34 build/kernel/src/timer.o
 *fill*         0x000000000800a5ee        0x2 00000000
 .text.rt_timer_init
                0x000000000800a5f0       0x80 build/kernel/src/timer.o
                0x000000000800a5f0                rt_timer_init
 .text.rt_timer_detach
                0x000000000800a670       0x90 build/kernel/src/timer.o
                0x000000000800a670                rt_timer_detach
 .text.rt_timer_start
                0x000000000800a700      0x22c build/kernel/src/timer.o
                0x000000000800a700                rt_timer_start
 .text.rt_timer_stop
                0x000000000800a92c       0x98 build/kernel/src/timer.o
                0x000000000800a92c                rt_timer_stop
 .text.rt_timer_control
                0x000000000800a9c4      0x130 build/kernel/src/timer.o
                0x000000000800a9c4                rt_timer_control
 .text.rt_timer_check
                0x000000000800aaf4      0x108 build/kernel/src/timer.o
                0x000000000800aaf4                rt_timer_check
 .text.rt_soft_timer_check
                0x000000000800abfc      0x120 build/kernel/src/timer.o
                0x000000000800abfc                rt_soft_timer_check
 .text._timer_thread_entry
                0x000000000800ad1c       0x60 build/kernel/src/timer.o
 .text.rt_system_timer_init
                0x000000000800ad7c       0x34 build/kernel/src/timer.o
                0x000000000800ad7c                rt_system_timer_init
 .text.rt_system_timer_thread_init
                0x000000000800adb0       0x68 build/kernel/src/timer.o
                0x000000000800adb0                rt_system_timer_thread_init
 .text.main     0x000000000800ae18       0x84 build/applications/main.o
                0x000000000800ae18                main
 .text.at32_msp_usart_init
                0x000000000800ae9c       0x7c build/board/src/at32_msp.o
                0x000000000800ae9c                at32_msp_usart_init
 .text.system_clock_config
                0x000000000800af18       0xa4 build/board/src/board.o
                0x000000000800af18                system_clock_config
 .text.atoi     0x000000000800afbc        0x8 /opt/gcc-arm-none-eabi-7-2017-q4-major/bin/../lib/gcc/arm-none-eabi/7.2.1/../../../../arm-none-eabi/lib/thumb/v7e-m/fpv4-sp/hard/libc.a(lib_a-atoi.o)
                0x000000000800afbc                atoi
 .text.__locale_ctype_ptr_l
                0x000000000800afc4        0x8 /opt/gcc-arm-none-eabi-7-2017-q4-major/bin/../lib/gcc/arm-none-eabi/7.2.1/../../../../arm-none-eabi/lib/thumb/v7e-m/fpv4-sp/hard/libc.a(lib_a-locale.o)
                0x000000000800afc4                __locale_ctype_ptr_l
 .text.__locale_ctype_ptr
                0x000000000800afcc       0x1c /opt/gcc-arm-none-eabi-7-2017-q4-major/bin/../lib/gcc/arm-none-eabi/7.2.1/../../../../arm-none-eabi/lib/thumb/v7e-m/fpv4-sp/hard/libc.a(lib_a-locale.o)
                0x000000000800afcc                __locale_ctype_ptr
 .text.malloc   0x000000000800afe8       0x10 /opt/gcc-arm-none-eabi-7-2017-q4-major/bin/../lib/gcc/arm-none-eabi/7.2.1/../../../../arm-none-eabi/lib/thumb/v7e-m/fpv4-sp/hard/libc.a(lib_a-malloc.o)
                0x000000000800afe8                malloc
 .text.__ascii_mbtowc
                0x000000000800aff8       0x2c /opt/gcc-arm-none-eabi-7-2017-q4-major/bin/../lib/gcc/arm-none-eabi/7.2.1/../../../../arm-none-eabi/lib/thumb/v7e-m/fpv4-sp/hard/libc.a(lib_a-mbtowc_r.o)
                0x000000000800aff8                __ascii_mbtowc
 .text.memcmp   0x000000000800b024       0x64 /opt/gcc-arm-none-eabi-7-2017-q4-major/bin/../lib/gcc/arm-none-eabi/7.2.1/../../../../arm-none-eabi/lib/thumb/v7e-m/fpv4-sp/hard/libc.a(lib_a-memcmp.o)
                0x000000000800b024                memcmp
 .text.memset   0x000000000800b088       0x94 /opt/gcc-arm-none-eabi-7-2017-q4-major/bin/../lib/gcc/arm-none-eabi/7.2.1/../../../../arm-none-eabi/lib/thumb/v7e-m/fpv4-sp/hard/libc.a(lib_a-memset.o)
                0x000000000800b088                memset
 .text.strncat  0x000000000800b11c       0x5c /opt/gcc-arm-none-eabi-7-2017-q4-major/bin/../lib/gcc/arm-none-eabi/7.2.1/../../../../arm-none-eabi/lib/thumb/v7e-m/fpv4-sp/hard/libc.a(lib_a-strncat.o)
                0x000000000800b11c                strncat
 .text.strncmp  0x000000000800b178       0x98 /opt/gcc-arm-none-eabi-7-2017-q4-major/bin/../lib/gcc/arm-none-eabi/7.2.1/../../../../arm-none-eabi/lib/thumb/v7e-m/fpv4-sp/hard/libc.a(lib_a-strncmp.o)
                0x000000000800b178                strncmp
 .text.strncpy  0x000000000800b210       0x64 /opt/gcc-arm-none-eabi-7-2017-q4-major/bin/../lib/gcc/arm-none-eabi/7.2.1/../../../../arm-none-eabi/lib/thumb/v7e-m/fpv4-sp/hard/libc.a(lib_a-strncpy.o)
                0x000000000800b210                strncpy
 .text._strtol_l.isra.0
                0x000000000800b274      0x124 /opt/gcc-arm-none-eabi-7-2017-q4-major/bin/../lib/gcc/arm-none-eabi/7.2.1/../../../../arm-none-eabi/lib/thumb/v7e-m/fpv4-sp/hard/libc.a(lib_a-strtol.o)
 .text.strtol   0x000000000800b398       0x2c /opt/gcc-arm-none-eabi-7-2017-q4-major/bin/../lib/gcc/arm-none-eabi/7.2.1/../../../../arm-none-eabi/lib/thumb/v7e-m/fpv4-sp/hard/libc.a(lib_a-strtol.o)
                0x000000000800b398                strtol
 .text.__ascii_wctomb
                0x000000000800b3c4       0x1c /opt/gcc-arm-none-eabi-7-2017-q4-major/bin/../lib/gcc/arm-none-eabi/7.2.1/../../../../arm-none-eabi/lib/thumb/v7e-m/fpv4-sp/hard/libc.a(lib_a-wctomb_r.o)
                0x000000000800b3c4                __ascii_wctomb
 .text.startup.register_fini
                0x000000000800b3e0       0x14 /opt/gcc-arm-none-eabi-7-2017-q4-major/bin/../lib/gcc/arm-none-eabi/7.2.1/../../../../arm-none-eabi/lib/thumb/v7e-m/fpv4-sp/hard/libc.a(lib_a-__call_atexit.o)
 .text.atexit   0x000000000800b3f4        0xc /opt/gcc-arm-none-eabi-7-2017-q4-major/bin/../lib/gcc/arm-none-eabi/7.2.1/../../../../arm-none-eabi/lib/thumb/v7e-m/fpv4-sp/hard/libc.a(lib_a-atexit.o)
                0x000000000800b3f4                atexit
 .text.__libc_fini_array
                0x000000000800b400       0x34 /opt/gcc-arm-none-eabi-7-2017-q4-major/bin/../lib/gcc/arm-none-eabi/7.2.1/../../../../arm-none-eabi/lib/thumb/v7e-m/fpv4-sp/hard/libc.a(lib_a-fini.o)
                0x000000000800b400                __libc_fini_array
 .text.__retarget_lock_acquire_recursive
                0x000000000800b434        0x4 /opt/gcc-arm-none-eabi-7-2017-q4-major/bin/../lib/gcc/arm-none-eabi/7.2.1/../../../../arm-none-eabi/lib/thumb/v7e-m/fpv4-sp/hard/libc.a(lib_a-lock.o)
                0x000000000800b434                __retarget_lock_acquire_recursive
 .text.__retarget_lock_release_recursive
                0x000000000800b438        0x4 /opt/gcc-arm-none-eabi-7-2017-q4-major/bin/../lib/gcc/arm-none-eabi/7.2.1/../../../../arm-none-eabi/lib/thumb/v7e-m/fpv4-sp/hard/libc.a(lib_a-lock.o)
                0x000000000800b438                __retarget_lock_release_recursive
 .text.__register_exitproc
                0x000000000800b43c       0xc0 /opt/gcc-arm-none-eabi-7-2017-q4-major/bin/../lib/gcc/arm-none-eabi/7.2.1/../../../../arm-none-eabi/lib/thumb/v7e-m/fpv4-sp/hard/libc.a(lib_a-__atexit.o)
                0x000000000800b43c                __register_exitproc
 *(.rodata)
 .rodata        0x000000000800b4fc       0x46 /home/mx3g/Desktop/rt-thread/bsp/at32/libraries/rt_drivers/drv_common.o
 *fill*         0x000000000800b542        0x2 00000000
 .rodata        0x000000000800b544        0x4 /home/mx3g/Desktop/rt-thread/bsp/at32/libraries/rt_drivers/drv_gpio.o
 .rodata        0x000000000800b548       0x5c /home/mx3g/Desktop/rt-thread/bsp/at32/libraries/rt_drivers/drv_usart.o
 .rodata        0x000000000800b5a4       0xff build/kernel/components/drivers/ipc/completion.o
 *fill*         0x000000000800b6a3        0x1 00000000
 .rodata        0x000000000800b6a4      0x2aa build/kernel/components/drivers/misc/pin.o
 *fill*         0x000000000800b94e        0x2 00000000
 .rodata        0x000000000800b950       0xd7 build/kernel/components/drivers/serial/serial.o
 *fill*         0x000000000800ba27        0x1 00000000
 .rodata        0x000000000800ba28      0x8ce build/kernel/components/finsh/cmd.o
 *fill*         0x000000000800c2f6        0x2 00000000
 .rodata        0x000000000800c2f8       0xb8 build/kernel/components/finsh/msh.o
 .rodata        0x000000000800c3b0       0x91 build/kernel/components/finsh/shell.o
 *fill*         0x000000000800c441        0x3 00000000
 .rodata        0x000000000800c444      0x2ce build/kernel/libcpu/arm/cortex-m4/cpuport.o
 *fill*         0x000000000800c712        0x2 00000000
 .rodata        0x000000000800c714       0x17 build/kernel/src/components.o
 *fill*         0x000000000800c72b        0x1 00000000
 .rodata        0x000000000800c72c       0xf4 build/kernel/src/device.o
 .rodata        0x000000000800c820        0x8 build/kernel/src/idle.o
 .rodata        0x000000000800c828      0x506 build/kernel/src/ipc.o
 *fill*         0x000000000800cd2e        0x2 00000000
 .rodata        0x000000000800cd30      0x1d7 build/kernel/src/kservice.o
 *fill*         0x000000000800cf07        0x1 00000000
 .rodata        0x000000000800cf08      0x41b build/kernel/src/mem.o
 *fill*         0x000000000800d323        0x1 00000000
 .rodata        0x000000000800d324       0x91 build/kernel/src/object.o
 *fill*         0x000000000800d3b5        0x3 00000000
 .rodata        0x000000000800d3b8       0x65 build/kernel/src/scheduler_up.o
 *fill*         0x000000000800d41d        0x3 00000000
 .rodata        0x000000000800d420      0x25f build/kernel/src/thread.o
 *fill*         0x000000000800d67f        0x1 00000000
 .rodata        0x000000000800d680      0x10e build/kernel/src/timer.o
 *(.rodata*)
 *fill*         0x000000000800d78e        0x2 00000000
 .rodata.pll_fr_table.17487
                0x000000000800d790        0x6 /home/mx3g/Desktop/rt-thread/bsp/at32/libraries/AT32F435_437_Firmware_Library/cmsis/cm4/device_support/system_at32f435_437.o
 *fill*         0x000000000800d796        0x2 00000000
 .rodata.sys_ahb_div_table.17486
                0x000000000800d798       0x10 /home/mx3g/Desktop/rt-thread/bsp/at32/libraries/AT32F435_437_Firmware_Library/cmsis/cm4/device_support/system_at32f435_437.o
 .rodata.pll_fr_table.17604
                0x000000000800d7a8        0x6 /home/mx3g/Desktop/rt-thread/bsp/at32/libraries/AT32F435_437_Firmware_Library/drivers/src/at32f435_437_crm.o
 *fill*         0x000000000800d7ae        0x2 00000000
 .rodata.sclk_ahb_div_table.17601
                0x000000000800d7b0       0x10 /home/mx3g/Desktop/rt-thread/bsp/at32/libraries/AT32F435_437_Firmware_Library/drivers/src/at32f435_437_crm.o
 .rodata.ahb_apb1_div_table.17602
                0x000000000800d7c0        0x8 /home/mx3g/Desktop/rt-thread/bsp/at32/libraries/AT32F435_437_Firmware_Library/drivers/src/at32f435_437_crm.o
 .rodata.ahb_apb2_div_table.17603
                0x000000000800d7c8        0x8 /home/mx3g/Desktop/rt-thread/bsp/at32/libraries/AT32F435_437_Firmware_Library/drivers/src/at32f435_437_crm.o
 .rodata.name   0x000000000800d7d0       0x16 /home/mx3g/Desktop/rt-thread/bsp/at32/libraries/rt_drivers/drv_common.o
                0x000000000800d7d0                __fsym_reboot_name
                0x000000000800d7d8                __fsym_reboot_desc
 *fill*         0x000000000800d7e6        0x2 00000000
 .rodata.pin_irq_map
                0x000000000800d7e8       0x60 /home/mx3g/Desktop/rt-thread/bsp/at32/libraries/rt_drivers/drv_gpio.o
 .rodata._at32_pin_ops
                0x000000000800d848       0x1c /home/mx3g/Desktop/rt-thread/bsp/at32/libraries/rt_drivers/drv_gpio.o
 .rodata.at32_uart_ops
                0x000000000800d864       0x14 /home/mx3g/Desktop/rt-thread/bsp/at32/libraries/rt_drivers/drv_usart.o
 .rodata.__FUNCTION__.19249
                0x000000000800d878        0xf /home/mx3g/Desktop/rt-thread/bsp/at32/libraries/rt_drivers/drv_usart.o
 *fill*         0x000000000800d887        0x1 00000000
 .rodata.__FUNCTION__.19274
                0x000000000800d888        0xd /home/mx3g/Desktop/rt-thread/bsp/at32/libraries/rt_drivers/drv_usart.o
 *fill*         0x000000000800d895        0x3 00000000
 .rodata.__FUNCTION__.19283
                0x000000000800d898        0xa /home/mx3g/Desktop/rt-thread/bsp/at32/libraries/rt_drivers/drv_usart.o
 *fill*         0x000000000800d8a2        0x2 00000000
 .rodata.__FUNCTION__.19292
                0x000000000800d8a4        0xa /home/mx3g/Desktop/rt-thread/bsp/at32/libraries/rt_drivers/drv_usart.o
 *fill*         0x000000000800d8ae        0x2 00000000
 .rodata.__FUNCTION__.19298
                0x000000000800d8b0        0xa /home/mx3g/Desktop/rt-thread/bsp/at32/libraries/rt_drivers/drv_usart.o
 *fill*         0x000000000800d8ba        0x2 00000000
 .rodata.__FUNCTION__.19312
                0x000000000800d8bc       0x11 /home/mx3g/Desktop/rt-thread/bsp/at32/libraries/rt_drivers/drv_usart.o
 *fill*         0x000000000800d8cd        0x3 00000000
 .rodata.__FUNCTION__.7136
                0x000000000800d8d0       0x13 build/kernel/components/drivers/ipc/completion.o
 *fill*         0x000000000800d8e3        0x1 00000000
 .rodata.__FUNCTION__.7144
                0x000000000800d8e4       0x13 build/kernel/components/drivers/ipc/completion.o
 *fill*         0x000000000800d8f7        0x1 00000000
 .rodata.__FUNCTION__.7155
                0x000000000800d8f8       0x13 build/kernel/components/drivers/ipc/completion.o
 *fill*         0x000000000800d90b        0x1 00000000
 .rodata.name   0x000000000800d90c       0x11 build/kernel/components/drivers/misc/pin.o
                0x000000000800d90c                __fsym_pin_name
                0x000000000800d910                __fsym_pin_desc
 *fill*         0x000000000800d91d        0x3 00000000
 .rodata.__FUNCTION__.6734
                0x000000000800d920        0xa build/kernel/components/drivers/misc/pin.o
 *fill*         0x000000000800d92a        0x2 00000000
 .rodata.__FUNCTION__.6743
                0x000000000800d92c        0xb build/kernel/components/drivers/misc/pin.o
 *fill*         0x000000000800d937        0x1 00000000
 .rodata.__FUNCTION__.6751
                0x000000000800d938        0xd build/kernel/components/drivers/misc/pin.o
 *fill*         0x000000000800d945        0x3 00000000
 .rodata.__FUNCTION__.6778
                0x000000000800d948        0xc build/kernel/components/drivers/misc/pin.o
 .rodata.__FUNCTION__.6783
                0x000000000800d954        0xd build/kernel/components/drivers/misc/pin.o
 *fill*         0x000000000800d961        0x3 00000000
 .rodata.__FUNCTION__.6787
                0x000000000800d964        0xc build/kernel/components/drivers/misc/pin.o
 .rodata.__FUNCTION__.6791
                0x000000000800d970        0xb build/kernel/components/drivers/misc/pin.o
 *fill*         0x000000000800d97b        0x1 00000000
 .rodata.__FUNCTION__.7186
                0x000000000800d97c        0xf build/kernel/components/drivers/serial/serial.o
 *fill*         0x000000000800d98b        0x1 00000000
 .rodata.__FUNCTION__.7193
                0x000000000800d98c        0xf build/kernel/components/drivers/serial/serial.o
 *fill*         0x000000000800d99b        0x1 00000000
 .rodata.__FUNCTION__.7200
                0x000000000800d99c       0x10 build/kernel/components/drivers/serial/serial.o
 .rodata.__FUNCTION__.7210
                0x000000000800d9ac        0xf build/kernel/components/drivers/serial/serial.o
 *fill*         0x000000000800d9bb        0x1 00000000
 .rodata.__FUNCTION__.7160
                0x000000000800d9bc        0xf build/kernel/components/drivers/serial/serial.o
 *fill*         0x000000000800d9cb        0x1 00000000
 .rodata.__FUNCTION__.7139
                0x000000000800d9cc       0x10 build/kernel/components/drivers/serial/serial.o
 .rodata.__FUNCTION__.7218
                0x000000000800d9dc       0x10 build/kernel/components/drivers/serial/serial.o
 .rodata.__FUNCTION__.7173
                0x000000000800d9ec        0xf build/kernel/components/drivers/serial/serial.o
 *fill*         0x000000000800d9fb        0x1 00000000
 .rodata.__FUNCTION__.7149
                0x000000000800d9fc       0x10 build/kernel/components/drivers/serial/serial.o
 .rodata.__FUNCTION__.7226
                0x000000000800da0c       0x12 build/kernel/components/drivers/serial/serial.o
 *fill*         0x000000000800da1e        0x2 00000000
 .rodata.__FUNCTION__.7243
                0x000000000800da20       0x16 build/kernel/components/drivers/serial/serial.o
 *fill*         0x000000000800da36        0x2 00000000
 .rodata.__FUNCTION__.7252
                0x000000000800da38       0x11 build/kernel/components/drivers/serial/serial.o
 *fill*         0x000000000800da49        0x3 00000000
 .rodata.name   0x000000000800da4c       0x65 build/kernel/components/finsh/cmd.o
                0x000000000800da4c                __fsym_clear_name
                0x000000000800da54                __fsym_clear_desc
                0x000000000800da70                __fsym_version_name
                0x000000000800da78                __fsym_version_desc
                0x000000000800da9c                __fsym_list_name
                0x000000000800daa4                __fsym_list_desc
 *fill*         0x000000000800dab1        0x3 00000000
 .rodata.device_type_str
                0x000000000800dab4       0x7c build/kernel/components/finsh/cmd.o
 .rodata.name   0x000000000800db30       0x6d build/kernel/components/finsh/msh.o
                0x000000000800db30                __fsym_help_name
                0x000000000800db38                __fsym_help_desc
                0x000000000800db50                __fsym_ps_name
                0x000000000800db54                __fsym_ps_desc
                0x000000000800db70                __fsym_free_name
                0x000000000800db78                __fsym_free_desc
 *fill*         0x000000000800db9d        0x3 00000000
 .rodata.__FUNCTION__.7014
                0x000000000800dba0        0xe build/kernel/components/finsh/msh.o
 *fill*         0x000000000800dbae        0x2 00000000
 .rodata.__FUNCTION__.7557
                0x000000000800dbb0       0x16 build/kernel/components/finsh/shell.o
 *fill*         0x000000000800dbc6        0x2 00000000
 .rodata.__FUNCTION__.7563
                0x000000000800dbc8        0xe build/kernel/components/finsh/shell.o
 *fill*         0x000000000800dbd6        0x2 00000000
 .rodata.__FUNCTION__.7571
                0x000000000800dbd8        0xd build/kernel/components/finsh/shell.o
 *fill*         0x000000000800dbe5        0x3 00000000
 .rodata.__FUNCTION__.7576
                0x000000000800dbe8       0x11 build/kernel/components/finsh/shell.o
 *fill*         0x000000000800dbf9        0x3 00000000
 .rodata.__FUNCTION__.6771
                0x000000000800dbfc       0x14 build/kernel/src/components.o
 .rodata.__FUNCTION__.6689
                0x000000000800dc10        0xf build/kernel/src/device.o
 *fill*         0x000000000800dc1f        0x1 00000000
 .rodata.__FUNCTION__.6694
                0x000000000800dc20       0x10 build/kernel/src/device.o
 .rodata.__FUNCTION__.6701
                0x000000000800dc30        0xf build/kernel/src/device.o
 *fill*         0x000000000800dc3f        0x1 00000000
 .rodata.__FUNCTION__.6708
                0x000000000800dc40       0x10 build/kernel/src/device.o
 .rodata.__FUNCTION__.6721
                0x000000000800dc50       0x1a build/kernel/src/device.o
 *fill*         0x000000000800dc6a        0x2 00000000
 .rodata.__FUNCTION__.6766
                0x000000000800dc6c        0xc build/kernel/src/ipc.o
 .rodata.__FUNCTION__.6792
                0x000000000800dc78        0xd build/kernel/src/ipc.o
 *fill*         0x000000000800dc85        0x3 00000000
 .rodata.__FUNCTION__.6747
                0x000000000800dc88       0x12 build/kernel/src/ipc.o
 *fill*         0x000000000800dc9a        0x2 00000000
 .rodata.__FUNCTION__.6817
                0x000000000800dc9c        0xf build/kernel/src/ipc.o
 *fill*         0x000000000800dcab        0x1 00000000
 .rodata.__FUNCTION__.6854
                0x000000000800dcac        0xe build/kernel/src/ipc.o
 *fill*         0x000000000800dcba        0x2 00000000
 .rodata.__FUNCTION__.6901
                0x000000000800dcbc        0xf build/kernel/src/ipc.o
 *fill*         0x000000000800dccb        0x1 00000000
 .rodata.__FUNCTION__.6928
                0x000000000800dccc       0x11 build/kernel/src/ipc.o
 *fill*         0x000000000800dcdd        0x3 00000000
 .rodata.large_digits.6916
                0x000000000800dce0       0x11 build/kernel/src/kservice.o
 *fill*         0x000000000800dcf1        0x3 00000000
 .rodata.small_digits.6915
                0x000000000800dcf4       0x11 build/kernel/src/kservice.o
 *fill*         0x000000000800dd05        0x3 00000000
 .rodata.__FUNCTION__.7073
                0x000000000800dd08       0x14 build/kernel/src/kservice.o
 .rodata.__FUNCTION__.7060
                0x000000000800dd1c        0xd build/kernel/src/kservice.o
 *fill*         0x000000000800dd29        0x3 00000000
 .rodata.__FUNCTION__.6738
                0x000000000800dd2c        0xb build/kernel/src/mem.o
 *fill*         0x000000000800dd37        0x1 00000000
 .rodata.__FUNCTION__.6763
                0x000000000800dd38        0xe build/kernel/src/mem.o
 *fill*         0x000000000800dd46        0x2 00000000
 .rodata.__FUNCTION__.6788
                0x000000000800dd48        0xd build/kernel/src/mem.o
 *fill*         0x000000000800dd55        0x3 00000000
 .rodata.__FUNCTION__.6810
                0x000000000800dd58        0xf build/kernel/src/object.o
 *fill*         0x000000000800dd67        0x1 00000000
 .rodata.__FUNCTION__.6819
                0x000000000800dd68       0x11 build/kernel/src/object.o
 *fill*         0x000000000800dd79        0x3 00000000
 .rodata.__FUNCTION__.6828
                0x000000000800dd7c       0x13 build/kernel/src/object.o
 *fill*         0x000000000800dd8f        0x1 00000000
 .rodata.__FUNCTION__.6833
                0x000000000800dd90       0x11 build/kernel/src/object.o
 *fill*         0x000000000800dda1        0x3 00000000
 .rodata.__FUNCTION__.6837
                0x000000000800dda4       0x1a build/kernel/src/object.o
 *fill*         0x000000000800ddbe        0x2 00000000
 .rodata.__FUNCTION__.6841
                0x000000000800ddc0       0x13 build/kernel/src/object.o
 *fill*         0x000000000800ddd3        0x1 00000000
 .rodata.__FUNCTION__.6850
                0x000000000800ddd4        0xf build/kernel/src/object.o
 *fill*         0x000000000800dde3        0x1 00000000
 .rodata.__FUNCTION__.6745
                0x000000000800dde4       0x17 build/kernel/src/scheduler_up.o
 *fill*         0x000000000800ddfb        0x1 00000000
 .rodata.__FUNCTION__.6783
                0x000000000800ddfc       0x1a build/kernel/src/scheduler_up.o
 *fill*         0x000000000800de16        0x2 00000000
 .rodata.__FUNCTION__.6789
                0x000000000800de18       0x1a build/kernel/src/scheduler_up.o
 *fill*         0x000000000800de32        0x2 00000000
 .rodata.__FUNCTION__.6750
                0x000000000800de34       0x10 build/kernel/src/thread.o
 .rodata.__FUNCTION__.6762
                0x000000000800de44        0xd build/kernel/src/thread.o
 *fill*         0x000000000800de51        0x3 00000000
 .rodata.__FUNCTION__.6774
                0x000000000800de54        0xf build/kernel/src/thread.o
 *fill*         0x000000000800de63        0x1 00000000
 .rodata.__FUNCTION__.6783
                0x000000000800de64       0x12 build/kernel/src/thread.o
 *fill*         0x000000000800de76        0x2 00000000
 .rodata.__FUNCTION__.6788
                0x000000000800de78       0x11 build/kernel/src/thread.o
 *fill*         0x000000000800de89        0x3 00000000
 .rodata.__FUNCTION__.6805
                0x000000000800de8c       0x11 build/kernel/src/thread.o
 *fill*         0x000000000800de9d        0x3 00000000
 .rodata.__FUNCTION__.6818
                0x000000000800dea0       0x10 build/kernel/src/thread.o
 .rodata.__FUNCTION__.6845
                0x000000000800deb0       0x12 build/kernel/src/thread.o
 *fill*         0x000000000800dec2        0x2 00000000
 .rodata.__FUNCTION__.6857
                0x000000000800dec4       0x1c build/kernel/src/thread.o
 .rodata.__FUNCTION__.6869
                0x000000000800dee0       0x1c build/kernel/src/thread.o
 .rodata.__FUNCTION__.6877
                0x000000000800defc       0x11 build/kernel/src/thread.o
 *fill*         0x000000000800df0d        0x3 00000000
 .rodata.__FUNCTION__.6777
                0x000000000800df10        0xe build/kernel/src/timer.o
 *fill*         0x000000000800df1e        0x2 00000000
 .rodata.__FUNCTION__.6782
                0x000000000800df20       0x10 build/kernel/src/timer.o
 .rodata.__FUNCTION__.6808
                0x000000000800df30        0xf build/kernel/src/timer.o
 *fill*         0x000000000800df3f        0x1 00000000
 .rodata.__FUNCTION__.6825
                0x000000000800df40        0xe build/kernel/src/timer.o
 *fill*         0x000000000800df4e        0x2 00000000
 .rodata.__FUNCTION__.6832
                0x000000000800df50       0x11 build/kernel/src/timer.o
 *fill*         0x000000000800df61        0x3 00000000
 .rodata._global_impure_ptr
                0x000000000800df64        0x4 /opt/gcc-arm-none-eabi-7-2017-q4-major/bin/../lib/gcc/arm-none-eabi/7.2.1/../../../../arm-none-eabi/lib/thumb/v7e-m/fpv4-sp/hard/libc.a(lib_a-impure.o)
                0x000000000800df64                _global_impure_ptr
 .rodata._setlocale_r.str1.4
                0x000000000800df68        0xd /opt/gcc-arm-none-eabi-7-2017-q4-major/bin/../lib/gcc/arm-none-eabi/7.2.1/../../../../arm-none-eabi/lib/thumb/v7e-m/fpv4-sp/hard/libc.a(lib_a-locale.o)
 *fill*         0x000000000800df75        0x3 00000000
 .rodata.str1.4
                0x000000000800df78        0x4 /opt/gcc-arm-none-eabi-7-2017-q4-major/bin/../lib/gcc/arm-none-eabi/7.2.1/../../../../arm-none-eabi/lib/thumb/v7e-m/fpv4-sp/hard/libc.a(lib_a-locale.o)
                                          0x2 (size before relaxing)
 .rodata._ctype_
                0x000000000800df7c      0x101 /opt/gcc-arm-none-eabi-7-2017-q4-major/bin/../lib/gcc/arm-none-eabi/7.2.1/../../../../arm-none-eabi/lib/thumb/v7e-m/fpv4-sp/hard/libc.a(lib_a-ctype_.o)
                0x000000000800df7c                _ctype_
 *(.glue_7)
 .glue_7        0x000000000800e07d        0x0 linker stubs
 *(.glue_7t)
 .glue_7t       0x000000000800e07d        0x0 linker stubs
 *(.gnu.linkonce.t*)
                0x000000000800e080                . = ALIGN (0x4)
 *fill*         0x000000000800e07d        0x3 00000000
                0x000000000800e080                __fsymtab_start = .
 *(FSymTab)
 FSymTab        0x000000000800e080        0xc /home/mx3g/Desktop/rt-thread/bsp/at32/libraries/rt_drivers/drv_common.o
                0x000000000800e080                __fsym_reboot
 FSymTab        0x000000000800e08c        0xc build/kernel/components/drivers/misc/pin.o
                0x000000000800e08c                __fsym_pin
 FSymTab        0x000000000800e098       0x24 build/kernel/components/finsh/cmd.o
                0x000000000800e098                __fsym_clear
                0x000000000800e0a4                __fsym_version
                0x000000000800e0b0                __fsym_list
 FSymTab        0x000000000800e0bc       0x24 build/kernel/components/finsh/msh.o
                0x000000000800e0bc                __fsym_help
                0x000000000800e0c8                __fsym_ps
                0x000000000800e0d4                __fsym_free
                0x000000000800e0e0                __fsymtab_end = .
                0x000000000800e0e0                . = ALIGN (0x4)
                0x000000000800e0e0                __vsymtab_start = .
 *(VSymTab)
                0x000000000800e0e0                __vsymtab_end = .
                0x000000000800e0e0                . = ALIGN (0x4)
                0x000000000800e0e0                __rt_init_start = .
 *(SORT_BY_NAME(.rti_fn*))
 .rti_fn.0      0x000000000800e0e0        0x4 build/kernel/src/components.o
                0x000000000800e0e0                __rt_init_rti_start
 .rti_fn.0.end  0x000000000800e0e4        0x4 build/kernel/src/components.o
                0x000000000800e0e4                __rt_init_rti_board_start
 .rti_fn.1      0x000000000800e0e8        0x4 /home/mx3g/Desktop/rt-thread/bsp/at32/libraries/rt_drivers/drv_gpio.o
                0x000000000800e0e8                __rt_init_rt_hw_pin_init
 .rti_fn.1.end  0x000000000800e0ec        0x4 build/kernel/src/components.o
                0x000000000800e0ec                __rt_init_rti_board_end
 .rti_fn.6      0x000000000800e0f0        0x4 build/kernel/components/finsh/shell.o
                0x000000000800e0f0                __rt_init_finsh_system_init
 .rti_fn.6.end  0x000000000800e0f4        0x4 build/kernel/src/components.o
                0x000000000800e0f4                __rt_init_rti_end
                0x000000000800e0f8                __rt_init_end = .
                0x000000000800e0f8                . = ALIGN (0x4)
                [!provide]                        PROVIDE (__ctors_start__, .)
 *(SORT_BY_NAME(.init_array.*))
 .init_array.00000
                0x000000000800e0f8        0x4 /opt/gcc-arm-none-eabi-7-2017-q4-major/bin/../lib/gcc/arm-none-eabi/7.2.1/../../../../arm-none-eabi/lib/thumb/v7e-m/fpv4-sp/hard/libc.a(lib_a-__call_atexit.o)
 *(.init_array)
 .init_array    0x000000000800e0fc        0x4 /opt/gcc-arm-none-eabi-7-2017-q4-major/bin/../lib/gcc/arm-none-eabi/7.2.1/thumb/v7e-m/fpv4-sp/hard/crtbegin.o